[
  [
    "primary",
    "/home/pombredanne/test.cpp"
  ],
  [
    "secondary-decl1",
    "/usr/lib/gcc/x86_64-redhat-linux/4.1.2/../../../../include/c++/4.1.2/x86_64-redhat-linux/bits/c++config.h"
  ],
  [
    "secondary-decl1",
    "/usr/lib/gcc/x86_64-redhat-linux/4.1.2/include/stddef.h"
  ],
  [
    "secondary-decl1",
    "/usr/lib/gcc/x86_64-redhat-linux/4.1.2/../../../../include/c++/4.1.2/ext/<built-in>"
  ],
  [
    "secondary-decl1",
    "/usr/lib/gcc/x86_64-redhat-linux/4.1.2/../../../../include/c++/4.1.2/cstddef"
  ],
  [
    "secondary-decl1",
    "/usr/lib/gcc/x86_64-redhat-linux/4.1.2/../../../../include/c++/4.1.2/cstring"
  ],
  [
    "secondary-decl1",
    "/usr/lib/gcc/x86_64-redhat-linux/4.1.2/../../../../include/c++/4.1.2/cstdio"
  ],
  [
    "secondary-decl1",
    "/usr/lib/gcc/x86_64-redhat-linux/4.1.2/../../../../include/c++/4.1.2/clocale"
  ],
  [
    "secondary-decl1",
    "/usr/lib/gcc/x86_64-redhat-linux/4.1.2/../../../../include/c++/4.1.2/ctime"
  ],
  [
    "secondary-decl1",
    "/usr/lib/gcc/x86_64-redhat-linux/4.1.2/../../../../include/c++/4.1.2/cwchar"
  ],
  [
    "secondary-decl1",
    "/usr/lib/gcc/x86_64-redhat-linux/4.1.2/../../../../include/c++/4.1.2/cstdlib"
  ],
  [
    "secondary-decl1",
    "/usr/lib/gcc/x86_64-redhat-linux/4.1.2/../../../../include/c++/4.1.2/limits"
  ],
  [
    "secondary-decl1",
    "/usr/lib/gcc/x86_64-redhat-linux/4.1.2/../../../../include/c++/4.1.2/bits/basic_string.h"
  ],
  [
    "secondary-decl1",
    "/usr/lib/gcc/x86_64-redhat-linux/4.1.2/../../../../include/c++/4.1.2/bits/ios_base.h"
  ],
  [
    "secondary-decl1",
    "/usr/lib/gcc/x86_64-redhat-linux/4.1.2/../../../../include/c++/4.1.2/cwctype"
  ],
  [
    "secondary-decl1",
    "/usr/lib/gcc/x86_64-redhat-linux/4.1.2/../../../../include/c++/4.1.2/bits/locale_facets.h"
  ],
  [
    "secondary-decl1",
    "/usr/lib/gcc/x86_64-redhat-linux/4.1.2/../../../../include/c++/4.1.2/new"
  ],
  [
    "secondary-decl1",
    "/usr/lib/gcc/x86_64-redhat-linux/4.1.2/../../../../include/c++/4.1.2/iostream"
  ],
  [
    "secondary-decl1",
    "/usr/include/string.h"
  ],
  [
    "secondary-decl1",
    "/usr/include/bits/types.h"
  ],
  [
    "secondary-decl1",
    "/usr/include/stdio.h"
  ],
  [
    "secondary-decl1",
    "/usr/include/libio.h"
  ],
  [
    "secondary-decl1",
    "/usr/include/wchar.h"
  ],
  [
    "secondary-decl1",
    "/usr/include/_G_config.h"
  ],
  [
    "secondary-decl1",
    "/usr/include/locale.h"
  ],
  [
    "secondary-decl1",
    "/usr/include/time.h"
  ],
  [
    "secondary-decl1",
    "/usr/include/bits/pthreadtypes.h"
  ],
  [
    "secondary-decl1",
    "/usr/lib/gcc/x86_64-redhat-linux/4.1.2/../../../../include/c++/4.1.2/x86_64-redhat-linux/bits/gthr-default.h"
  ],
  [
    "secondary-decl1",
    "/usr/include/stdlib.h"
  ],
  [
    "secondary-decl1",
    "/usr/lib/gcc/x86_64-redhat-linux/4.1.2/../../../../include/c++/4.1.2/x86_64-redhat-linux/bits/atomic_word.h"
  ],
  [
    "secondary-decl1",
    "/usr/lib/gcc/x86_64-redhat-linux/4.1.2/../../../../include/c++/4.1.2/ext/new_allocator.h"
  ],
  [
    "secondary-decl1",
    "/usr/lib/gcc/x86_64-redhat-linux/4.1.2/../../../../include/c++/4.1.2/bits/stringfwd.h"
  ],
  [
    "secondary-decl1",
    "/usr/lib/gcc/x86_64-redhat-linux/4.1.2/../../../../include/c++/4.1.2/bits/allocator.h"
  ],
  [
    "secondary-decl1",
    "/usr/lib/gcc/x86_64-redhat-linux/4.1.2/../../../../include/c++/4.1.2/bits/basic_string.tcc"
  ],
  [
    "secondary-decl1",
    "/usr/lib/gcc/x86_64-redhat-linux/4.1.2/../../../../include/c++/4.1.2/bits/locale_classes.h"
  ],
  [
    "secondary-decl1",
    "/usr/include/wctype.h"
  ],
  [
    "secondary-decl1",
    "/usr/lib/gcc/x86_64-redhat-linux/4.1.2/../../../../include/c++/4.1.2/bits/stl_iterator.h"
  ],
  [
    "secondary-decl1",
    "/usr/lib/gcc/x86_64-redhat-linux/4.1.2/../../../../include/c++/4.1.2/ext/test.cpp"
  ],
  [
    "secondary-decl1",
    "/usr/lib/gcc/x86_64-redhat-linux/4.1.2/../../../../include/c++/4.1.2/iosfwd"
  ],
  [
    "secondary-decl1",
    "/usr/lib/gcc/x86_64-redhat-linux/4.1.2/../../../../include/c++/4.1.2/x86_64-redhat-linux/bits/ctype_base.h"
  ]
]