[
  [
    "primary",
    "/home/benno/work/2006/may/iguana_elfbootinfo/pistachio/kernel/src/arch/arm/fass.cc"
  ],
  [
    "secondary-decl1",
    "pistachio/kernel/include/arch/arm/types.h"
  ],
  [
    "secondary-decl1",
    "pistachio/kernel/include/types.h"
  ],
  [
    "secondary-decl1",
    "pistachio/kernel/include/sync.h"
  ],
  [
    "secondary-decl1",
    "pistachio/kernel/include/kdb/linker_set.h"
  ],
  [
    "secondary-decl1",
    "pistachio/kernel/include/arch/arm/thread.h"
  ],
  [
    "secondary-decl1",
    "pistachio/kernel/include/kmemory.h"
  ],
  [
    "secondary-decl1",
    "pistachio/kernel/include/api/v4/fpage.h"
  ],
  [
    "secondary-decl1",
    "pistachio/kernel/include/api/v4/thread.h"
  ],
  [
    "secondary-decl1",
    "pistachio/kernel/include/api/v4/map.h"
  ],
  [
    "secondary-decl1",
    "pistachio/kernel/include/arch/arm/fass.h"
  ],
  [
    "secondary-decl1",
    "pistachio/kernel/include/glue/v4-arm/space.h"
  ],
  [
    "secondary-decl1",
    "pistachio/kernel/include/arch/arm/xscale/cache.h"
  ],
  [
    "secondary-decl1",
    "pistachio/kernel/include/arch/arm/ptab.h"
  ],
  [
    "secondary-decl1",
    "pistachio/kernel/include/arch/arm/pgent.h"
  ],
  [
    "secondary-decl1",
    "pistachio/kernel/include/api/v4/queueing.h"
  ],
  [
    "secondary-decl1",
    "pistachio/kernel/include/glue/v4-arm/utcb.h"
  ],
  [
    "secondary-decl1",
    "pistachio/kernel/include/api/v4/tcb.h"
  ],
  [
    "secondary-decl1",
    "pistachio/kernel/include/api/v4/types.h"
  ],
  [
    "secondary-decl1",
    "pistachio/kernel/include/api/v4/queuestate.h"
  ],
  [
    "secondary-decl1",
    "pistachio/kernel/include/api/v4/threadstate.h"
  ],
  [
    "secondary-decl1",
    "pistachio/kernel/include/bitmask.h"
  ],
  [
    "secondary-decl1",
    "pistachio/kernel/include/api/v4/resources.h"
  ],
  [
    "secondary-decl1",
    "pistachio/kernel/include/glue/v4-arm/resources.h"
  ],
  [
    "secondary-decl1",
    "pistachio/kernel/include/api/v4/preempt.h"
  ],
  [
    "secondary-decl1",
    "pistachio/kernel/include/api/v4/ipc.h"
  ],
  [
    "secondary-decl1",
    "pistachio/kernel/include/glue/v4-arm/ktcb.h"
  ],
  [
    "secondary-decl1",
    "pistachio/kernel/include/kdb/tracepoints.h"
  ],
  [
    "secondary-decl1",
    "pistachio/kernel/src/arch/arm/fass.cc"
  ],
  [
    "secondary-decl1",
    "pistachio/kernel/include/arch/arm/debug.h"
  ],
  [
    "secondary-decl1",
    "pistachio/kernel/include/arch/arm/special.h"
  ],
  [
    "secondary-decl1",
    "pistachio/kernel/include/api/v4/space.h"
  ],
  [
    "primary",
    "/home/benno/work/2006/may/iguana_elfbootinfo/pistachio/kernel/src/arch/arm/string.cc"
  ],
  [
    "secondary-decl1",
    "pistachio/kernel/src/arch/arm/string.cc"
  ],
  [
    "primary",
    "/home/benno/work/2006/may/iguana_elfbootinfo/pistachio/kernel/src/api/v4/cache.cc"
  ],
  [
    "secondary-decl1",
    "pistachio/kernel/include/arch/arm/xscale/cpu.h"
  ],
  [
    "secondary-decl1",
    "pistachio/kernel/include/api/v4/cache.h"
  ],
  [
    "secondary-decl1",
    "pistachio/kernel/include/glue/v4-arm/cache.h"
  ],
  [
    "secondary-decl1",
    "pistachio/kernel/src/api/v4/cache.cc"
  ],
  [
    "secondary-decl1",
    "pistachio/kernel/include/glue/v4-arm/tcb.h"
  ],
  [
    "secondary-decl1",
    "pistachio/kernel/include/glue/v4-arm/schedule.h"
  ],
  [
    "primary",
    "/home/benno/work/2006/may/iguana_elfbootinfo/pistachio/kernel/src/api/v4/exregs.cc"
  ],
  [
    "secondary-decl1",
    "pistachio/kernel/include/api/v4/schedule.h"
  ],
  [
    "secondary-decl1",
    "pistachio/kernel/src/api/v4/exregs.cc"
  ],
  [
    "primary",
    "/home/benno/work/2006/may/iguana_elfbootinfo/pistachio/kernel/src/api/v4/interrupt.cc"
  ],
  [
    "secondary-decl1",
    "pistachio/kernel/include/generic/memregion.h"
  ],
  [
    "secondary-decl1",
    "pistachio/kernel/include/api/v4/memdesc.h"
  ],
  [
    "secondary-decl1",
    "pistachio/kernel/include/api/v4/procdesc.h"
  ],
  [
    "secondary-decl1",
    "pistachio/kernel/include/api/v4/kernelinterface.h"
  ],
  [
    "secondary-decl1",
    "pistachio/kernel/include/intctrl.h"
  ],
  [
    "secondary-decl1",
    "pistachio/kernel/include/platform/pleb2/intctrl.h"
  ],
  [
    "secondary-decl1",
    "pistachio/kernel/src/api/v4/interrupt.cc"
  ],
  [
    "primary",
    "/home/benno/work/2006/may/iguana_elfbootinfo/pistachio/kernel/src/api/v4/ipc.cc"
  ],
  [
    "secondary-decl1",
    "pistachio/kernel/src/api/v4/ipc.cc"
  ],
  [
    "primary",
    "/home/benno/work/2006/may/iguana_elfbootinfo/pistachio/kernel/src/api/v4/kernelinterface.cc"
  ],
  [
    "secondary-decl1",
    "pistachio/kernel/src/api/v4/kernelinterface.cc"
  ],
  [
    "primary",
    "/home/benno/work/2006/may/iguana_elfbootinfo/pistachio/kernel/src/api/v4/map.cc"
  ],
  [
    "secondary-decl1",
    "pistachio/kernel/src/api/v4/map.cc"
  ],
  [
    "primary",
    "/home/benno/work/2006/may/iguana_elfbootinfo/pistachio/kernel/src/api/v4/processor.cc"
  ],
  [
    "secondary-decl1",
    "pistachio/kernel/src/api/v4/processor.cc"
  ],
  [
    "primary",
    "/home/benno/work/2006/may/iguana_elfbootinfo/pistachio/kernel/src/api/v4/schedule.cc"
  ],
  [
    "secondary-decl1",
    "pistachio/kernel/src/api/v4/schedule.cc"
  ],
  [
    "secondary-decl1",
    "pistachio/kernel/include/arch/arm/fass_inline.h"
  ],
  [
    "primary",
    "/home/benno/work/2006/may/iguana_elfbootinfo/pistachio/kernel/src/api/v4/space.cc"
  ],
  [
    "secondary-decl1",
    "pistachio/kernel/src/api/v4/space.cc"
  ],
  [
    "primary",
    "/home/benno/work/2006/may/iguana_elfbootinfo/pistachio/kernel/src/api/v4/thread.cc"
  ],
  [
    "secondary-decl1",
    "pistachio/kernel/src/api/v4/thread.cc"
  ],
  [
    "secondary-decl1",
    "pistachio/kernel/include/glue/v4-arm/resource_functions.h"
  ],
  [
    "secondary-decl1",
    "pistachio/kernel/include/macros.h"
  ],
  [
    "primary",
    "/home/benno/work/2006/may/iguana_elfbootinfo/pistachio/kernel/src/generic/lib.cc"
  ],
  [
    "secondary-decl1",
    "pistachio/kernel/src/generic/lib.cc"
  ],
  [
    "primary",
    "/home/benno/work/2006/may/iguana_elfbootinfo/pistachio/kernel/src/generic/kmemory.cc"
  ],
  [
    "secondary-decl1",
    "pistachio/kernel/src/generic/kmemory.cc"
  ],
  [
    "primary",
    "/home/benno/work/2006/may/iguana_elfbootinfo/pistachio/kernel/src/generic/linear_ptab_walker.cc"
  ],
  [
    "secondary-decl1",
    "pistachio/kernel/src/generic/linear_ptab_walker.cc"
  ],
  [
    "secondary-decl1",
    "pistachio/kernel/include/linear_ptab.h"
  ],
  [
    "secondary-decl1",
    "pistachio/kernel/include/glue/v4-arm/hwspace.h"
  ],
  [
    "primary",
    "/home/benno/work/2006/may/iguana_elfbootinfo/pistachio/kernel/src/generic/traceids.cc"
  ],
  [
    "secondary-decl1",
    "pistachio/kernel/src/generic/traceids.cc"
  ],
  [
    "primary",
    "/home/benno/work/2006/may/iguana_elfbootinfo/pistachio/kernel/src/glue/v4-arm/cachectl.cc"
  ],
  [
    "primary",
    "/home/benno/work/2006/may/iguana_elfbootinfo/pistachio/kernel/src/glue/v4-arm/exception.cc"
  ],
  [
    "secondary-decl1",
    "pistachio/kernel/src/glue/v4-arm/exception.cc"
  ],
  [
    "secondary-decl1",
    "pistachio/kernel/include/generic/traceids.h"
  ],
  [
    "primary",
    "/home/benno/work/2006/may/iguana_elfbootinfo/pistachio/kernel/src/glue/v4-arm/init.cc"
  ],
  [
    "secondary-decl1",
    "pistachio/kernel/include/arch/arm/bootdesc.h"
  ],
  [
    "secondary-decl1",
    "pistachio/kernel/src/glue/v4-arm/init.cc"
  ],
  [
    "secondary-decl1",
    "pistachio/kernel/include/glue/v4-arm/memory.h"
  ],
  [
    "primary",
    "/home/benno/work/2006/may/iguana_elfbootinfo/pistachio/kernel/src/glue/v4-arm/intctrl.cc"
  ],
  [
    "secondary-decl1",
    "pistachio/kernel/src/glue/v4-arm/intctrl.cc"
  ],
  [
    "primary",
    "/home/benno/work/2006/may/iguana_elfbootinfo/pistachio/kernel/src/glue/v4-arm/resources.cc"
  ],
  [
    "secondary-decl1",
    "pistachio/kernel/src/glue/v4-arm/resources.cc"
  ],
  [
    "primary",
    "/home/benno/work/2006/may/iguana_elfbootinfo/pistachio/kernel/src/glue/v4-arm/space.cc"
  ],
  [
    "secondary-decl1",
    "pistachio/kernel/src/glue/v4-arm/space.cc"
  ],
  [
    "primary",
    "/home/benno/work/2006/may/iguana_elfbootinfo/pistachio/kernel/src/glue/v4-arm/thread.cc"
  ],
  [
    "secondary-decl1",
    "pistachio/kernel/src/glue/v4-arm/thread.cc"
  ],
  [
    "primary",
    "/home/benno/work/2006/may/iguana_elfbootinfo/pistachio/kernel/src/platform/pleb2/irq.cc"
  ],
  [
    "secondary-decl1",
    "pistachio/kernel/src/platform/pleb2/irq.cc"
  ],
  [
    "primary",
    "/home/benno/work/2006/may/iguana_elfbootinfo/pistachio/kernel/src/platform/pleb2/plat.cc"
  ],
  [
    "secondary-decl1",
    "pistachio/kernel/src/platform/pleb2/plat.cc"
  ],
  [
    "primary",
    "/home/benno/work/2006/may/iguana_elfbootinfo/pistachio/kernel/src/platform/pleb2/timer.cc"
  ],
  [
    "secondary-decl1",
    "pistachio/kernel/include/timer.h"
  ],
  [
    "secondary-decl1",
    "pistachio/kernel/include/glue/v4-arm/timer.h"
  ],
  [
    "secondary-decl1",
    "pistachio/kernel/src/platform/pleb2/timer.cc"
  ],
  [
    "primary",
    "/home/benno/work/2006/may/iguana_elfbootinfo/pistachio/kernel/kdb/api/v4/input.cc"
  ],
  [
    "secondary-decl1",
    "pistachio/kernel/include/kdb/cmd.h"
  ],
  [
    "secondary-decl1",
    "pistachio/kernel/include/kdb/kdb.h"
  ],
  [
    "secondary-decl1",
    "build.pleb2_naming/pistachio/pistachio/kernel/include/kdb_class_helper.h"
  ],
  [
    "secondary-decl1",
    "pistachio/kernel/kdb/api/v4/input.cc"
  ],
  [
    "primary",
    "/home/benno/work/2006/may/iguana_elfbootinfo/pistachio/kernel/kdb/api/v4/kernelinterface.cc"
  ],
  [
    "secondary-decl1",
    "pistachio/kernel/kdb/api/v4/kernelinterface.cc"
  ],
  [
    "primary",
    "/home/benno/work/2006/may/iguana_elfbootinfo/pistachio/kernel/kdb/api/v4/schedule.cc"
  ],
  [
    "secondary-decl1",
    "pistachio/kernel/kdb/api/v4/schedule.cc"
  ],
  [
    "primary",
    "/home/benno/work/2006/may/iguana_elfbootinfo/pistachio/kernel/kdb/api/v4/space.cc"
  ],
  [
    "secondary-decl1",
    "pistachio/kernel/kdb/api/v4/space.cc"
  ],
  [
    "primary",
    "/home/benno/work/2006/may/iguana_elfbootinfo/pistachio/kernel/kdb/api/v4/tcb.cc"
  ],
  [
    "secondary-decl1",
    "pistachio/kernel/kdb/api/v4/tcb.cc"
  ],
  [
    "primary",
    "/home/benno/work/2006/may/iguana_elfbootinfo/pistachio/kernel/kdb/api/v4/thread.cc"
  ],
  [
    "secondary-decl1",
    "pistachio/kernel/include/kdb/tid_format.h"
  ],
  [
    "secondary-decl1",
    "pistachio/kernel/kdb/api/v4/thread.cc"
  ],
  [
    "primary",
    "/home/benno/work/2006/may/iguana_elfbootinfo/pistachio/kernel/kdb/platform/pleb2/console.cc"
  ],
  [
    "secondary-decl1",
    "pistachio/kernel/include/kdb/console.h"
  ],
  [
    "secondary-decl1",
    "pistachio/kernel/kdb/platform/pleb2/console.cc"
  ],
  [
    "primary",
    "/home/benno/work/2006/may/iguana_elfbootinfo/pistachio/kernel/kdb/platform/pleb2/reboot.cc"
  ],
  [
    "secondary-decl1",
    "pistachio/kernel/kdb/platform/pleb2/reboot.cc"
  ],
  [
    "primary",
    "/home/benno/work/2006/may/iguana_elfbootinfo/pistachio/kernel/kdb/generic/init.cc"
  ],
  [
    "secondary-decl1",
    "pistachio/kernel/include/kdb/init.h"
  ],
  [
    "secondary-decl1",
    "pistachio/kernel/kdb/generic/init.cc"
  ],
  [
    "primary",
    "/home/benno/work/2006/may/iguana_elfbootinfo/pistachio/kernel/kdb/generic/bootinfo.cc"
  ],
  [
    "secondary-decl1",
    "pistachio/kernel/kdb/generic/bootinfo.cc"
  ],
  [
    "primary",
    "/home/benno/work/2006/may/iguana_elfbootinfo/pistachio/kernel/kdb/generic/console.cc"
  ],
  [
    "secondary-decl1",
    "pistachio/kernel/kdb/generic/console.cc"
  ],
  [
    "primary",
    "/home/benno/work/2006/may/iguana_elfbootinfo/pistachio/kernel/kdb/generic/kmemory.cc"
  ],
  [
    "secondary-decl1",
    "pistachio/kernel/kdb/generic/kmemory.cc"
  ],
  [
    "primary",
    "/home/benno/work/2006/may/iguana_elfbootinfo/pistachio/kernel/kdb/generic/linker_set.cc"
  ],
  [
    "secondary-decl1",
    "pistachio/kernel/kdb/generic/linker_set.cc"
  ],
  [
    "primary",
    "/home/benno/work/2006/may/iguana_elfbootinfo/pistachio/kernel/kdb/generic/memdump.cc"
  ],
  [
    "secondary-decl1",
    "pistachio/kernel/kdb/generic/memdump.cc"
  ],
  [
    "primary",
    "/home/benno/work/2006/may/iguana_elfbootinfo/pistachio/kernel/kdb/generic/sprintf.cc"
  ],
  [
    "secondary-decl1",
    "pistachio/kernel/include/stdarg.h"
  ],
  [
    "secondary-decl1",
    "pistachio/kernel/kdb/generic/sprintf.cc"
  ],
  [
    "primary",
    "/home/benno/work/2006/may/iguana_elfbootinfo/pistachio/kernel/kdb/generic/tracepoints.cc"
  ],
  [
    "secondary-decl1",
    "pistachio/kernel/kdb/generic/tracepoints.cc"
  ],
  [
    "primary",
    "/home/benno/work/2006/may/iguana_elfbootinfo/pistachio/kernel/kdb/generic/cmd.cc"
  ],
  [
    "secondary-decl1",
    "pistachio/kernel/kdb/generic/cmd.cc"
  ],
  [
    "primary",
    "/home/benno/work/2006/may/iguana_elfbootinfo/pistachio/kernel/kdb/generic/entry.cc"
  ],
  [
    "secondary-decl1",
    "pistachio/kernel/kdb/generic/entry.cc"
  ],
  [
    "primary",
    "/home/benno/work/2006/may/iguana_elfbootinfo/pistachio/kernel/kdb/generic/input.cc"
  ],
  [
    "secondary-decl1",
    "pistachio/kernel/kdb/generic/input.cc"
  ],
  [
    "primary",
    "/home/benno/work/2006/may/iguana_elfbootinfo/pistachio/kernel/kdb/generic/linear_ptab_dump.cc"
  ],
  [
    "secondary-decl1",
    "pistachio/kernel/kdb/generic/linear_ptab_dump.cc"
  ],
  [
    "primary",
    "/home/benno/work/2006/may/iguana_elfbootinfo/pistachio/kernel/kdb/generic/print.cc"
  ],
  [
    "secondary-decl1",
    "pistachio/kernel/kdb/generic/print.cc"
  ],
  [
    "primary",
    "/home/benno/work/2006/may/iguana_elfbootinfo/pistachio/kernel/kdb/generic/tid_format.cc"
  ],
  [
    "secondary-decl1",
    "pistachio/kernel/kdb/generic/tid_format.cc"
  ],
  [
    "primary",
    "/home/benno/work/2006/may/iguana_elfbootinfo/pistachio/kernel/kdb/arch/arm/frame.cc"
  ],
  [
    "secondary-decl1",
    "pistachio/kernel/kdb/arch/arm/frame.cc"
  ],
  [
    "primary",
    "/home/benno/work/2006/may/iguana_elfbootinfo/pistachio/kernel/kdb/arch/arm/prepost.cc"
  ],
  [
    "secondary-decl1",
    "pistachio/kernel/kdb/arch/arm/prepost.cc"
  ],
  [
    "primary",
    "/home/benno/work/2006/may/iguana_elfbootinfo/pistachio/kernel/kdb/arch/arm/reg.cc"
  ],
  [
    "secondary-decl1",
    "pistachio/kernel/kdb/arch/arm/reg.cc"
  ]
]