[
  [
    "primary",
    "/home/malcolmp/devl/physreloc/iguana/naming/src/naming_server.c"
  ],
  [
    "secondary-decl1",
    "build/iguana/include/l4/arch/types.h"
  ],
  [
    "secondary-decl1",
    "build/iguana/include/l4/types.h"
  ],
  [
    "secondary-decl1",
    "build/iguana/include/arch/stdint.h"
  ],
  [
    "secondary-decl1",
    "build/iguana/include/stdint.h"
  ],
  [
    "secondary-decl1",
    "build/iguana/include/circular_buffer/cb.h"
  ],
  [
    "secondary-decl1",
    "build/iguana/include/binary_tree/binary_tree.h"
  ],
  [
    "secondary-decl1",
    "tools/magpie/include/idl4biguuid/api/v4/interface.h"
  ],
  [
    "secondary-decl1",
    "build/iguana/include/iguana/types.h"
  ],
  [
    "secondary-decl1",
    "iguana/naming/src/naming_server.c"
  ],
  [
    "primary",
    "/home/malcolmp/devl/physreloc/build/iguana/include/interfaces/naming_serverloop.c"
  ],
  [
    "secondary-decl1",
    "build/iguana/include/l4/message.h"
  ],
  [
    "secondary-decl1",
    "build/iguana/include/interfaces/naming_serverloop.c"
  ],
  [
    "secondary-decl1",
    "build/iguana/include/l4/arch/vregs.h"
  ],
  [
    "secondary-decl1",
    "build/iguana/include/l4/ipc.h"
  ],
  [
    "primary",
    "/home/malcolmp/devl/physreloc/libs/c/src/puts.c"
  ],
  [
    "secondary-decl1",
    "build/iguana/include/stddef.h"
  ],
  [
    "secondary-decl1",
    "build/iguana/include/mutex/mutex.h"
  ],
  [
    "secondary-decl1",
    "build/iguana/include/stdio.h"
  ],
  [
    "secondary-decl1",
    "libs/c/src/puts.c"
  ],
  [
    "primary",
    "/home/malcolmp/devl/physreloc/libs/c/src/malloc.c"
  ],
  [
    "secondary-decl1",
    "libs/c/src/k_r_malloc.h"
  ],
  [
    "secondary-decl1",
    "libs/c/src/malloc.c"
  ],
  [
    "primary",
    "/home/malcolmp/devl/physreloc/libs/c/src/fputc.c"
  ],
  [
    "secondary-decl1",
    "libs/c/src/fputc.c"
  ],
  [
    "primary",
    "/home/malcolmp/devl/physreloc/libs/c/src/assert.c"
  ],
  [
    "secondary-decl1",
    "libs/c/src/assert.c"
  ],
  [
    "primary",
    "/home/malcolmp/devl/physreloc/libs/c/src/strlen.c"
  ],
  [
    "secondary-decl1",
    "libs/c/src/strlen.c"
  ],
  [
    "primary",
    "/home/malcolmp/devl/physreloc/libs/c/src/strcpy.c"
  ],
  [
    "secondary-decl1",
    "libs/c/src/strcpy.c"
  ],
  [
    "primary",
    "/home/malcolmp/devl/physreloc/libs/c/src/sys-iguana/sys_abort.c"
  ],
  [
    "secondary-decl1",
    "libs/c/src/sys-iguana/sys_abort.c"
  ],
  [
    "primary",
    "/home/malcolmp/devl/physreloc/libs/c/src/sys-iguana/sys_morecore.c"
  ],
  [
    "secondary-decl1",
    "libs/c/src/sys-iguana/../k_r_malloc.h"
  ],
  [
    "secondary-decl1",
    "build/iguana/include/iguana/cap.h"
  ],
  [
    "secondary-decl1",
    "libs/c/src/sys-iguana/sys_morecore.c"
  ],
  [
    "primary",
    "/home/malcolmp/devl/physreloc/libs/c/src/sys-iguana/sys_init.c"
  ],
  [
    "secondary-decl1",
    "libs/c/src/sys-iguana/sys_init.c"
  ],
  [
    "primary",
    "/home/malcolmp/devl/physreloc/libs/c/src/sys-iguana/sys_stdio.c"
  ],
  [
    "secondary-decl1",
    "build/iguana/include/l4/kip.h"
  ],
  [
    "secondary-decl1",
    "build/iguana/include/l4/kcp.h"
  ],
  [
    "secondary-decl1",
    "libs/c/src/sys-iguana/sys_stdio.c"
  ],
  [
    "secondary-decl1",
    "build/iguana/include/l4/arch/kdebug.h"
  ],
  [
    "secondary-decl1",
    "build/iguana/include/l4/kdebug.h"
  ],
  [
    "primary",
    "/home/malcolmp/devl/physreloc/libs/c/src/fprintf.c"
  ],
  [
    "secondary-decl1",
    "build/iguana/include/stdarg.h"
  ],
  [
    "secondary-decl1",
    "libs/c/src/fprintf.c"
  ],
  [
    "primary",
    "/home/malcolmp/devl/physreloc/libs/c/src/vfprintf.c"
  ],
  [
    "secondary-decl1",
    "libs/c/src/vfprintf.c"
  ],
  [
    "primary",
    "/home/malcolmp/devl/physreloc/libs/c/src/exit.c"
  ],
  [
    "secondary-decl1",
    "libs/c/src/exit.c"
  ],
  [
    "primary",
    "/home/malcolmp/devl/physreloc/libs/c/src/sys-iguana/sys_exit.c"
  ],
  [
    "secondary-decl1",
    "libs/c/src/sys-iguana/sys_exit.c"
  ],
  [
    "primary",
    "/home/malcolmp/devl/physreloc/libs/c/src/format.c"
  ],
  [
    "secondary-decl1",
    "libs/c/src/format.c"
  ],
  [
    "primary",
    "/home/malcolmp/devl/physreloc/libs/circular_buffer/src/cb_attach.c"
  ],
  [
    "secondary-decl1",
    "libs/circular_buffer/src/cb_attach.c"
  ],
  [
    "primary",
    "/home/malcolmp/devl/physreloc/libs/circular_buffer/src/circular_buffer.c"
  ],
  [
    "secondary-decl1",
    "libs/circular_buffer/src/circular_buffer.c"
  ],
  [
    "primary",
    "/home/malcolmp/devl/physreloc/libs/circular_buffer/src/cb_get.c"
  ],
  [
    "secondary-decl1",
    "libs/circular_buffer/src/cb_get.c"
  ],
  [
    "primary",
    "/home/malcolmp/devl/physreloc/libs/binary_tree/src/binary_tree.c"
  ],
  [
    "secondary-decl1",
    "libs/binary_tree/src/binary_tree.c"
  ],
  [
    "primary",
    "/home/malcolmp/devl/physreloc/libs/iguana/src/cap.c"
  ],
  [
    "secondary-decl1",
    "libs/iguana/src/cap.c"
  ],
  [
    "secondary-decl1",
    "build/iguana/include/interfaces/iguana_client.h"
  ],
  [
    "secondary-decl1",
    "build/iguana/include/iguana/thread.h"
  ],
  [
    "secondary-decl1",
    "build/iguana/include/iguana/interface_uuids.h"
  ],
  [
    "primary",
    "/home/malcolmp/devl/physreloc/libs/iguana/src/memsection.c"
  ],
  [
    "secondary-decl1",
    "libs/iguana/src/memsection.c"
  ],
  [
    "secondary-decl1",
    "build/iguana/include/l4/arch/specials.h"
  ],
  [
    "primary",
    "/home/malcolmp/devl/physreloc/libs/iguana/src/tls.c"
  ],
  [
    "secondary-decl1",
    "libs/iguana/src/tls.c"
  ],
  [
    "primary",
    "/home/malcolmp/devl/physreloc/libs/iguana/src/asynch.c"
  ],
  [
    "secondary-decl1",
    "build/iguana/include/iguana/asynch.h"
  ],
  [
    "secondary-decl1",
    "libs/iguana/src/asynch.c"
  ],
  [
    "secondary-decl1",
    "build/iguana/include/l4/thread.h"
  ],
  [
    "primary",
    "/home/malcolmp/devl/physreloc/libs/iguana/src/object.c"
  ],
  [
    "secondary-decl1",
    "build/iguana/include/iguana/object.h"
  ],
  [
    "secondary-decl1",
    "build/iguana/include/iguana/session.h"
  ],
  [
    "secondary-decl1",
    "libs/iguana/src/object.c"
  ],
  [
    "primary",
    "/home/malcolmp/devl/physreloc/libs/iguana/src/session.c"
  ],
  [
    "secondary-decl1",
    "libs/iguana/src/session.c"
  ],
  [
    "primary",
    "/home/malcolmp/devl/physreloc/libs/iguana/src/setup.c"
  ],
  [
    "secondary-decl1",
    "libs/iguana/src/setup.c"
  ],
  [
    "primary",
    "/home/malcolmp/devl/physreloc/libs/iguana/src/pd.c"
  ],
  [
    "secondary-decl1",
    "libs/iguana/src/pd.c"
  ],
  [
    "primary",
    "/home/malcolmp/devl/physreloc/libs/iguana/src/thread.c"
  ],
  [
    "secondary-decl1",
    "libs/iguana/src/thread.c"
  ],
  [
    "primary",
    "/home/malcolmp/devl/physreloc/libs/circular_buffer/src/cb_new_withmem.c"
  ],
  [
    "secondary-decl1",
    "libs/circular_buffer/src/cb_new_withmem.c"
  ],
  [
    "primary",
    "/home/malcolmp/devl/physreloc/libs/ll/src/linked_list.c"
  ],
  [
    "secondary-decl1",
    "build/iguana/include/ll/ll.h"
  ],
  [
    "secondary-decl1",
    "libs/ll/src/linked_list.c"
  ],
  [
    "primary",
    "/home/malcolmp/devl/physreloc/libs/naming/src/naming.c"
  ],
  [
    "secondary-decl1",
    "build/iguana/include/naming/naming.h"
  ],
  [
    "secondary-decl1",
    "build/iguana/include/interfaces/naming_client.h"
  ],
  [
    "secondary-decl1",
    "libs/naming/src/naming.c"
  ],
  [
    "primary",
    "/home/malcolmp/devl/physreloc/libs/l4e/src/l4e_misc.c"
  ],
  [
    "secondary-decl1",
    "libs/l4e/src/l4e_misc.c"
  ],
  [
    "primary",
    "/home/malcolmp/devl/physreloc/libs/mutex/src/mutex.c"
  ],
  [
    "secondary-decl1",
    "libs/mutex/src/mutex.c"
  ],
  [
    "primary",
    "/home/malcolmp/devl/physreloc/libs/c/src/printf.c"
  ],
  [
    "secondary-decl1",
    "libs/c/src/printf.c"
  ],
  [
    "primary",
    "/home/malcolmp/devl/physreloc/libs/c/src/strcmp.c"
  ],
  [
    "secondary-decl1",
    "libs/c/src/strcmp.c"
  ],
  [
    "primary",
    "/home/malcolmp/devl/physreloc/libs/c/src/calloc.c"
  ],
  [
    "secondary-decl1",
    "libs/c/src/calloc.c"
  ],
  [
    "primary",
    "/home/malcolmp/devl/physreloc/libs/c/src/memset.c"
  ],
  [
    "secondary-decl1",
    "libs/c/src/memset.c"
  ]
]