[
  [
    "primary",
    "/home/benno/work/2006/may/iguana_elfbootinfo/pistachio/kernel/src/api/v4/cache.cc"
  ],
  [
    "secondary-decl1",
    "pistachio/kernel/include/arch/ia32/types.h"
  ],
  [
    "secondary-decl1",
    "pistachio/kernel/include/types.h"
  ],
  [
    "secondary-decl1",
    "pistachio/kernel/include/api/v4/types.h"
  ],
  [
    "secondary-decl1",
    "pistachio/kernel/include/api/v4/queuestate.h"
  ],
  [
    "secondary-decl1",
    "pistachio/kernel/include/api/v4/threadstate.h"
  ],
  [
    "secondary-decl1",
    "pistachio/kernel/include/sync.h"
  ],
  [
    "secondary-decl1",
    "pistachio/kernel/include/kdb/linker_set.h"
  ],
  [
    "secondary-decl1",
    "pistachio/kernel/include/kmemory.h"
  ],
  [
    "secondary-decl1",
    "pistachio/kernel/include/api/v4/fpage.h"
  ],
  [
    "secondary-decl1",
    "pistachio/kernel/include/api/v4/thread.h"
  ],
  [
    "secondary-decl1",
    "pistachio/kernel/include/api/v4/map.h"
  ],
  [
    "secondary-decl1",
    "pistachio/kernel/include/arch/ia32/ptab.h"
  ],
  [
    "secondary-decl1",
    "pistachio/kernel/include/arch/ia32/pgent.h"
  ],
  [
    "secondary-decl1",
    "pistachio/kernel/include/glue/v4-ia32/space.h"
  ],
  [
    "secondary-decl1",
    "pistachio/kernel/include/api/v4/queueing.h"
  ],
  [
    "secondary-decl1",
    "pistachio/kernel/include/api/v4/tcb.h"
  ],
  [
    "secondary-decl1",
    "pistachio/kernel/include/glue/v4-ia32/utcb.h"
  ],
  [
    "secondary-decl1",
    "pistachio/kernel/include/bitmask.h"
  ],
  [
    "secondary-decl1",
    "pistachio/kernel/include/api/v4/resources.h"
  ],
  [
    "secondary-decl1",
    "pistachio/kernel/include/glue/v4-ia32/resources.h"
  ],
  [
    "secondary-decl1",
    "pistachio/kernel/include/api/v4/preempt.h"
  ],
  [
    "secondary-decl1",
    "pistachio/kernel/include/api/v4/ipc.h"
  ],
  [
    "secondary-decl1",
    "pistachio/kernel/include/glue/v4-ia32/ktcb.h"
  ],
  [
    "secondary-decl1",
    "pistachio/kernel/include/kdb/tracepoints.h"
  ],
  [
    "secondary-decl1",
    "pistachio/kernel/include/arch/ia32/trapgate.h"
  ],
  [
    "secondary-decl1",
    "pistachio/kernel/include/api/v4/cache.h"
  ],
  [
    "secondary-decl1",
    "pistachio/kernel/include/glue/v4-ia32/cache.h"
  ],
  [
    "secondary-decl1",
    "pistachio/kernel/include/glue/v4-ia32/tcb.h"
  ],
  [
    "secondary-decl1",
    "pistachio/kernel/include/glue/v4-ia32/schedule.h"
  ],
  [
    "secondary-decl1",
    "pistachio/kernel/include/api/v4/space.h"
  ],
  [
    "secondary-decl1",
    "pistachio/kernel/src/api/v4/cache.cc"
  ],
  [
    "secondary-decl1",
    "pistachio/kernel/include/kdb/<built-in>"
  ],
  [
    "primary",
    "/home/benno/work/2006/may/iguana_elfbootinfo/pistachio/kernel/src/api/v4/exregs.cc"
  ],
  [
    "secondary-decl1",
    "pistachio/kernel/include/arch/ia32/tss.h"
  ],
  [
    "secondary-decl1",
    "pistachio/kernel/include/api/v4/schedule.h"
  ],
  [
    "secondary-decl1",
    "pistachio/kernel/src/api/v4/exregs.cc"
  ],
  [
    "primary",
    "/home/benno/work/2006/may/iguana_elfbootinfo/pistachio/kernel/src/api/v4/interrupt.cc"
  ],
  [
    "secondary-decl1",
    "pistachio/kernel/include/generic/memregion.h"
  ],
  [
    "secondary-decl1",
    "pistachio/kernel/include/api/v4/memdesc.h"
  ],
  [
    "secondary-decl1",
    "pistachio/kernel/include/api/v4/procdesc.h"
  ],
  [
    "secondary-decl1",
    "pistachio/kernel/include/api/v4/kernelinterface.h"
  ],
  [
    "secondary-decl1",
    "pistachio/kernel/include/intctrl.h"
  ],
  [
    "secondary-decl1",
    "pistachio/kernel/include/platform/pc99/8259.h"
  ],
  [
    "secondary-decl1",
    "pistachio/kernel/include/platform/generic/intctrl-pic.h"
  ],
  [
    "secondary-decl1",
    "pistachio/kernel/include/glue/v4-ia32/intctrl.h"
  ],
  [
    "secondary-decl1",
    "pistachio/kernel/src/api/v4/interrupt.cc"
  ],
  [
    "secondary-decl1",
    "pistachio/kernel/include/arch/ia32/ioport.h"
  ],
  [
    "secondary-decl1",
    "pistachio/kernel/include/arch/ia32/debug.h"
  ],
  [
    "primary",
    "/home/benno/work/2006/may/iguana_elfbootinfo/pistachio/kernel/src/api/v4/ipc.cc"
  ],
  [
    "secondary-decl1",
    "pistachio/kernel/src/api/v4/ipc.cc"
  ],
  [
    "primary",
    "/home/benno/work/2006/may/iguana_elfbootinfo/pistachio/kernel/src/api/v4/kernelinterface.cc"
  ],
  [
    "secondary-decl1",
    "pistachio/kernel/src/api/v4/kernelinterface.cc"
  ],
  [
    "secondary-decl1",
    "pistachio/kernel/include/generic/<built-in>"
  ],
  [
    "primary",
    "/home/benno/work/2006/may/iguana_elfbootinfo/pistachio/kernel/src/api/v4/map.cc"
  ],
  [
    "secondary-decl1",
    "pistachio/kernel/src/api/v4/map.cc"
  ],
  [
    "primary",
    "/home/benno/work/2006/may/iguana_elfbootinfo/pistachio/kernel/src/api/v4/processor.cc"
  ],
  [
    "secondary-decl1",
    "pistachio/kernel/src/api/v4/processor.cc"
  ],
  [
    "secondary-decl1",
    "pistachio/kernel/include/glue/v4-ia32/<built-in>"
  ],
  [
    "primary",
    "/home/benno/work/2006/may/iguana_elfbootinfo/pistachio/kernel/src/api/v4/schedule.cc"
  ],
  [
    "secondary-decl1",
    "pistachio/kernel/src/api/v4/schedule.cc"
  ],
  [
    "secondary-decl1",
    "pistachio/kernel/include/glue/v4-ia32/hwspace.h"
  ],
  [
    "secondary-decl1",
    "pistachio/kernel/include/arch/ia32/special.h"
  ],
  [
    "primary",
    "/home/benno/work/2006/may/iguana_elfbootinfo/pistachio/kernel/src/api/v4/space.cc"
  ],
  [
    "secondary-decl1",
    "pistachio/kernel/src/api/v4/space.cc"
  ],
  [
    "primary",
    "/home/benno/work/2006/may/iguana_elfbootinfo/pistachio/kernel/src/api/v4/thread.cc"
  ],
  [
    "secondary-decl1",
    "pistachio/kernel/src/api/v4/thread.cc"
  ],
  [
    "secondary-decl1",
    "pistachio/kernel/include/macros.h"
  ],
  [
    "primary",
    "/home/benno/work/2006/may/iguana_elfbootinfo/pistachio/kernel/src/generic/lib.cc"
  ],
  [
    "secondary-decl1",
    "pistachio/kernel/src/generic/lib.cc"
  ],
  [
    "primary",
    "/home/benno/work/2006/may/iguana_elfbootinfo/pistachio/kernel/src/generic/kmemory.cc"
  ],
  [
    "secondary-decl1",
    "pistachio/kernel/src/generic/kmemory.cc"
  ],
  [
    "primary",
    "/home/benno/work/2006/may/iguana_elfbootinfo/pistachio/kernel/src/generic/linear_ptab_walker.cc"
  ],
  [
    "secondary-decl1",
    "pistachio/kernel/include/arch/ia32/mmu.h"
  ],
  [
    "secondary-decl1",
    "pistachio/kernel/include/linear_ptab.h"
  ],
  [
    "secondary-decl1",
    "pistachio/kernel/src/generic/linear_ptab_walker.cc"
  ],
  [
    "primary",
    "/home/benno/work/2006/may/iguana_elfbootinfo/pistachio/kernel/src/generic/traceids.cc"
  ],
  [
    "secondary-decl1",
    "pistachio/kernel/src/generic/<built-in>"
  ],
  [
    "secondary-decl1",
    "pistachio/kernel/src/generic/traceids.cc"
  ],
  [
    "primary",
    "/home/benno/work/2006/may/iguana_elfbootinfo/pistachio/kernel/src/glue/v4-ia32/ctors.cc"
  ],
  [
    "secondary-decl1",
    "pistachio/kernel/src/glue/v4-ia32/ctors.cc"
  ],
  [
    "secondary-decl1",
    "pistachio/kernel/src/glue/v4-ia32/<built-in>"
  ],
  [
    "primary",
    "/home/benno/work/2006/may/iguana_elfbootinfo/pistachio/kernel/src/glue/v4-ia32/exception.cc"
  ],
  [
    "secondary-decl1",
    "pistachio/kernel/src/glue/v4-ia32/exception.cc"
  ],
  [
    "secondary-decl1",
    "pistachio/kernel/include/arch/ia32/cpu.h"
  ],
  [
    "primary",
    "/home/benno/work/2006/may/iguana_elfbootinfo/pistachio/kernel/src/glue/v4-ia32/init.cc"
  ],
  [
    "secondary-decl1",
    "pistachio/kernel/include/arch/ia32/segdesc.h"
  ],
  [
    "secondary-decl1",
    "pistachio/kernel/include/arch/ia32/sysdesc.h"
  ],
  [
    "secondary-decl1",
    "pistachio/kernel/include/arch/ia32/fpu.h"
  ],
  [
    "secondary-decl1",
    "pistachio/kernel/include/arch/ia32/idt.h"
  ],
  [
    "secondary-decl1",
    "pistachio/kernel/include/glue/v4-ia32/idt.h"
  ],
  [
    "secondary-decl1",
    "pistachio/kernel/include/timer.h"
  ],
  [
    "secondary-decl1",
    "pistachio/kernel/include/glue/v4-ia32/timer.h"
  ],
  [
    "secondary-decl1",
    "pistachio/kernel/src/glue/v4-ia32/init.cc"
  ],
  [
    "secondary-decl1",
    "pistachio/kernel/include/platform/pc99/<built-in>"
  ],
  [
    "secondary-decl1",
    "pistachio/kernel/include/glue/v4-ia32/memory.h"
  ],
  [
    "primary",
    "/home/benno/work/2006/may/iguana_elfbootinfo/pistachio/kernel/src/glue/v4-ia32/space.cc"
  ],
  [
    "secondary-decl1",
    "pistachio/kernel/src/glue/v4-ia32/space.cc"
  ],
  [
    "primary",
    "/home/benno/work/2006/may/iguana_elfbootinfo/pistachio/kernel/src/glue/v4-ia32/timer.cc"
  ],
  [
    "secondary-decl1",
    "pistachio/kernel/include/platform/pc99/rtc.h"
  ],
  [
    "secondary-decl1",
    "pistachio/kernel/src/glue/v4-ia32/timer.cc"
  ],
  [
    "secondary-decl1",
    "pistachio/kernel/include/api/v4/<built-in>"
  ],
  [
    "primary",
    "/home/benno/work/2006/may/iguana_elfbootinfo/pistachio/kernel/src/glue/v4-ia32/user.cc"
  ],
  [
    "secondary-decl1",
    "pistachio/kernel/src/glue/v4-ia32/user.cc"
  ],
  [
    "primary",
    "/home/benno/work/2006/may/iguana_elfbootinfo/pistachio/kernel/src/glue/v4-ia32/debug.cc"
  ],
  [
    "secondary-decl1",
    "pistachio/kernel/src/glue/v4-ia32/debug.cc"
  ],
  [
    "primary",
    "/home/benno/work/2006/may/iguana_elfbootinfo/pistachio/kernel/src/glue/v4-ia32/idt.cc"
  ],
  [
    "secondary-decl1",
    "pistachio/kernel/src/glue/v4-ia32/idt.cc"
  ],
  [
    "secondary-decl1",
    "pistachio/kernel/include/glue/v4-ia32/traphandler.h"
  ],
  [
    "primary",
    "/home/benno/work/2006/may/iguana_elfbootinfo/pistachio/kernel/src/glue/v4-ia32/resources.cc"
  ],
  [
    "secondary-decl1",
    "pistachio/kernel/src/glue/v4-ia32/resources.cc"
  ],
  [
    "primary",
    "/home/benno/work/2006/may/iguana_elfbootinfo/pistachio/kernel/src/glue/v4-ia32/thread.cc"
  ],
  [
    "secondary-decl1",
    "pistachio/kernel/src/glue/v4-ia32/thread.cc"
  ],
  [
    "secondary-decl1",
    "pistachio/kernel/include/<built-in>"
  ],
  [
    "primary",
    "/home/benno/work/2006/may/iguana_elfbootinfo/pistachio/kernel/src/platform/generic/intctrl-pic.cc"
  ],
  [
    "secondary-decl1",
    "pistachio/kernel/src/platform/generic/intctrl-pic.cc"
  ],
  [
    "primary",
    "/home/benno/work/2006/may/iguana_elfbootinfo/pistachio/kernel/kdb/api/v4/input.cc"
  ],
  [
    "secondary-decl1",
    "pistachio/kernel/include/kdb/cmd.h"
  ],
  [
    "secondary-decl1",
    "pistachio/kernel/include/kdb/kdb.h"
  ],
  [
    "secondary-decl1",
    "build.pc99_libc/pistachio/pistachio/kernel/include/kdb_class_helper.h"
  ],
  [
    "secondary-decl1",
    "pistachio/kernel/kdb/api/v4/input.cc"
  ],
  [
    "secondary-decl1",
    "build.pc99_libc/pistachio/pistachio/kernel/include/<built-in>"
  ],
  [
    "primary",
    "/home/benno/work/2006/may/iguana_elfbootinfo/pistachio/kernel/kdb/api/v4/kernelinterface.cc"
  ],
  [
    "secondary-decl1",
    "pistachio/kernel/kdb/api/v4/kernelinterface.cc"
  ],
  [
    "primary",
    "/home/benno/work/2006/may/iguana_elfbootinfo/pistachio/kernel/kdb/api/v4/schedule.cc"
  ],
  [
    "secondary-decl1",
    "pistachio/kernel/kdb/api/v4/schedule.cc"
  ],
  [
    "primary",
    "/home/benno/work/2006/may/iguana_elfbootinfo/pistachio/kernel/kdb/api/v4/space.cc"
  ],
  [
    "secondary-decl1",
    "pistachio/kernel/kdb/api/v4/space.cc"
  ],
  [
    "primary",
    "/home/benno/work/2006/may/iguana_elfbootinfo/pistachio/kernel/kdb/api/v4/tcb.cc"
  ],
  [
    "secondary-decl1",
    "pistachio/kernel/kdb/api/v4/tcb.cc"
  ],
  [
    "primary",
    "/home/benno/work/2006/may/iguana_elfbootinfo/pistachio/kernel/kdb/api/v4/thread.cc"
  ],
  [
    "secondary-decl1",
    "pistachio/kernel/include/kdb/tid_format.h"
  ],
  [
    "secondary-decl1",
    "pistachio/kernel/kdb/api/v4/thread.cc"
  ],
  [
    "primary",
    "/home/benno/work/2006/may/iguana_elfbootinfo/pistachio/kernel/kdb/platform/pc99/intctrl.cc"
  ],
  [
    "secondary-decl1",
    "pistachio/kernel/kdb/platform/pc99/intctrl.cc"
  ],
  [
    "primary",
    "/home/benno/work/2006/may/iguana_elfbootinfo/pistachio/kernel/kdb/platform/pc99/io.cc"
  ],
  [
    "secondary-decl1",
    "pistachio/kernel/include/kdb/console.h"
  ],
  [
    "secondary-decl1",
    "pistachio/kernel/kdb/platform/pc99/io.cc"
  ],
  [
    "primary",
    "/home/benno/work/2006/may/iguana_elfbootinfo/pistachio/kernel/kdb/generic/init.cc"
  ],
  [
    "secondary-decl1",
    "pistachio/kernel/include/kdb/init.h"
  ],
  [
    "secondary-decl1",
    "pistachio/kernel/kdb/generic/init.cc"
  ],
  [
    "secondary-decl1",
    "pistachio/kernel/include/arch/ia32/<built-in>"
  ],
  [
    "primary",
    "/home/benno/work/2006/may/iguana_elfbootinfo/pistachio/kernel/kdb/generic/bootinfo.cc"
  ],
  [
    "secondary-decl1",
    "pistachio/kernel/kdb/generic/bootinfo.cc"
  ],
  [
    "primary",
    "/home/benno/work/2006/may/iguana_elfbootinfo/pistachio/kernel/kdb/generic/console.cc"
  ],
  [
    "secondary-decl1",
    "pistachio/kernel/kdb/generic/console.cc"
  ],
  [
    "primary",
    "/home/benno/work/2006/may/iguana_elfbootinfo/pistachio/kernel/kdb/generic/kmemory.cc"
  ],
  [
    "secondary-decl1",
    "pistachio/kernel/kdb/generic/kmemory.cc"
  ],
  [
    "primary",
    "/home/benno/work/2006/may/iguana_elfbootinfo/pistachio/kernel/kdb/generic/linker_set.cc"
  ],
  [
    "secondary-decl1",
    "pistachio/kernel/kdb/generic/linker_set.cc"
  ],
  [
    "primary",
    "/home/benno/work/2006/may/iguana_elfbootinfo/pistachio/kernel/kdb/generic/memdump.cc"
  ],
  [
    "secondary-decl1",
    "pistachio/kernel/kdb/generic/memdump.cc"
  ],
  [
    "primary",
    "/home/benno/work/2006/may/iguana_elfbootinfo/pistachio/kernel/kdb/generic/sprintf.cc"
  ],
  [
    "secondary-decl1",
    "pistachio/kernel/include/stdarg.h"
  ],
  [
    "secondary-decl1",
    "pistachio/kernel/kdb/generic/sprintf.cc"
  ],
  [
    "primary",
    "/home/benno/work/2006/may/iguana_elfbootinfo/pistachio/kernel/kdb/generic/tracepoints.cc"
  ],
  [
    "secondary-decl1",
    "pistachio/kernel/kdb/generic/tracepoints.cc"
  ],
  [
    "secondary-decl1",
    "pistachio/kernel/include/generic/traceids.h"
  ],
  [
    "primary",
    "/home/benno/work/2006/may/iguana_elfbootinfo/pistachio/kernel/kdb/generic/cmd.cc"
  ],
  [
    "secondary-decl1",
    "pistachio/kernel/kdb/generic/cmd.cc"
  ],
  [
    "primary",
    "/home/benno/work/2006/may/iguana_elfbootinfo/pistachio/kernel/kdb/generic/entry.cc"
  ],
  [
    "secondary-decl1",
    "pistachio/kernel/kdb/generic/entry.cc"
  ],
  [
    "primary",
    "/home/benno/work/2006/may/iguana_elfbootinfo/pistachio/kernel/kdb/generic/input.cc"
  ],
  [
    "secondary-decl1",
    "pistachio/kernel/kdb/generic/input.cc"
  ],
  [
    "primary",
    "/home/benno/work/2006/may/iguana_elfbootinfo/pistachio/kernel/kdb/generic/linear_ptab_dump.cc"
  ],
  [
    "secondary-decl1",
    "pistachio/kernel/kdb/generic/linear_ptab_dump.cc"
  ],
  [
    "primary",
    "/home/benno/work/2006/may/iguana_elfbootinfo/pistachio/kernel/kdb/generic/print.cc"
  ],
  [
    "secondary-decl1",
    "pistachio/kernel/kdb/generic/print.cc"
  ],
  [
    "primary",
    "/home/benno/work/2006/may/iguana_elfbootinfo/pistachio/kernel/kdb/generic/tid_format.cc"
  ],
  [
    "secondary-decl1",
    "pistachio/kernel/kdb/generic/tid_format.cc"
  ],
  [
    "primary",
    "/home/benno/work/2006/may/iguana_elfbootinfo/pistachio/kernel/kdb/glue/v4-ia32/prepost.cc"
  ],
  [
    "secondary-decl1",
    "pistachio/kernel/include/platform/pc99/nmi.h"
  ],
  [
    "secondary-decl1",
    "pistachio/kernel/kdb/glue/v4-ia32/prepost.cc"
  ],
  [
    "primary",
    "/home/benno/work/2006/may/iguana_elfbootinfo/pistachio/kernel/kdb/glue/v4-ia32/readmem.cc"
  ],
  [
    "secondary-decl1",
    "pistachio/kernel/kdb/glue/v4-ia32/readmem.cc"
  ],
  [
    "primary",
    "/home/benno/work/2006/may/iguana_elfbootinfo/pistachio/kernel/kdb/glue/v4-ia32/resources.cc"
  ],
  [
    "secondary-decl1",
    "pistachio/kernel/kdb/glue/v4-ia32/resources.cc"
  ],
  [
    "primary",
    "/home/benno/work/2006/may/iguana_elfbootinfo/pistachio/kernel/kdb/glue/v4-ia32/space.cc"
  ],
  [
    "secondary-decl1",
    "pistachio/kernel/kdb/glue/v4-ia32/space.cc"
  ],
  [
    "primary",
    "/home/benno/work/2006/may/iguana_elfbootinfo/pistachio/kernel/kdb/arch/ia32/x86.cc"
  ],
  [
    "secondary-decl1",
    "pistachio/kernel/kdb/arch/ia32/x86.cc"
  ],
  [
    "primary",
    "/home/benno/work/2006/may/iguana_elfbootinfo/pistachio/kernel/kdb/arch/ia32/breakpoints.cc"
  ],
  [
    "secondary-decl1",
    "pistachio/kernel/kdb/arch/ia32/breakpoints.cc"
  ],
  [
    "primary",
    "/home/benno/work/2006/may/iguana_elfbootinfo/pistachio/kernel/kdb/arch/ia32/stepping.cc"
  ],
  [
    "secondary-decl1",
    "pistachio/kernel/kdb/arch/ia32/stepping.cc"
  ]
]