[
  "/home/jqbx34/djcd/libelf-0.8.10/lib/begin.c"
]