[
  "/usr/src/packages/BUILD/glibc-2.6.1/csu/init.c",
  "/usr/src/packages/BUILD/glibc-2.6.1/cc-nptl/csu/crti.S",
  "/usr/src/packages/BUILD/glibc-2.6.1/cc-nptl/csu/crtn.S"
]