[
  "/usr/src/packages/BUILD/glibc-2.6.1/csu/init.c",
  "/usr/src/packages/BUILD/glibc-2.6.1/cc-nptl/csu/crti.S",
  "/home/jqbx34/ssdeep-2.0/main.c",
  "/home/jqbx34/ssdeep-2.0/match.c",
  "/home/jqbx34/ssdeep-2.0/engine.c",
  "/home/jqbx34/ssdeep-2.0/dig.c",
  "/home/jqbx34/ssdeep-2.0/cycles.c",
  "/home/jqbx34/ssdeep-2.0/helpers.c",
  "/home/jqbx34/ssdeep-2.0/ui.c",
  "/home/jqbx34/ssdeep-2.0/fuzzy.c",
  "/home/jqbx34/ssdeep-2.0/edit_dist.c",
  "/home/jqbx34/ssdeep-2.0/find-file-size.c",
  "/usr/src/packages/BUILD/glibc-2.6.1/cc-nptl/csu/crtn.S"
]