[
  [
    "primary",
    "/home/pombredanne/work/trunk/3rdparty/fingerprint/ssdeep/ssdeep-2.0/main.c"
  ],
  [
    "secondary-decl1",
    "/usr/lib/gcc/x86_64-redhat-linux/4.1.2/include/stddef.h"
  ],
  [
    "secondary-decl1",
    "/usr/include/bits/types.h"
  ],
  [
    "secondary-decl1",
    "/usr/include/stdio.h"
  ],
  [
    "secondary-decl1",
    "/usr/include/libio.h"
  ],
  [
    "secondary-decl1",
    "/usr/include/stdint.h"
  ],
  [
    "secondary-decl1",
    "/usr/lib/gcc/x86_64-redhat-linux/4.1.2/include/main.h"
  ],
  [
    "secondary-decl1",
    "/usr/include/stdlib.h"
  ],
  [
    "secondary-decl1",
    "/usr/lib/gcc/x86_64-redhat-linux/4.1.2/include/main.c"
  ],
  [
    "secondary-decl1",
    "/usr/include/getopt.h"
  ],
  [
    "secondary-decl1",
    "/usr/lib/gcc/x86_64-redhat-linux/4.1.2/include/ssdeep.h"
  ],
  [
    "primary",
    "/home/pombredanne/work/trunk/3rdparty/fingerprint/ssdeep/ssdeep-2.0/match.c"
  ],
  [
    "secondary-decl1",
    "/usr/include/bits/main.h"
  ],
  [
    "secondary-decl1",
    "/usr/include/bits/match.c"
  ],
  [
    "secondary-decl1",
    "/usr/include/bits/ssdeep.h"
  ],
  [
    "primary",
    "/home/pombredanne/work/trunk/3rdparty/fingerprint/ssdeep/ssdeep-2.0/engine.c"
  ],
  [
    "secondary-decl1",
    "/usr/include/bits/engine.c"
  ],
  [
    "primary",
    "/home/pombredanne/work/trunk/3rdparty/fingerprint/ssdeep/ssdeep-2.0/dig.c"
  ],
  [
    "secondary-decl1",
    "/usr/include/time.h"
  ],
  [
    "secondary-decl1",
    "/usr/include/bits/stat.h"
  ],
  [
    "secondary-decl1",
    "/usr/include/bits/dirent.h"
  ],
  [
    "secondary-decl1",
    "/usr/include/dirent.h"
  ],
  [
    "secondary-decl1",
    "/usr/include/sys/stat.h"
  ],
  [
    "secondary-decl1",
    "/usr/lib/gcc/x86_64-redhat-linux/4.1.2/include/dig.c"
  ],
  [
    "primary",
    "/home/pombredanne/work/trunk/3rdparty/fingerprint/ssdeep/ssdeep-2.0/cycles.c"
  ],
  [
    "secondary-decl1",
    "/usr/lib/gcc/x86_64-redhat-linux/4.1.2/include/cycles.c"
  ],
  [
    "primary",
    "/home/pombredanne/work/trunk/3rdparty/fingerprint/ssdeep/ssdeep-2.0/helpers.c"
  ],
  [
    "secondary-decl1",
    "/usr/include/bits/helpers.c"
  ],
  [
    "primary",
    "/home/pombredanne/work/trunk/3rdparty/fingerprint/ssdeep/ssdeep-2.0/ui.c"
  ],
  [
    "secondary-decl1",
    "/usr/lib/gcc/x86_64-redhat-linux/4.1.2/include/stdarg.h"
  ],
  [
    "secondary-decl1",
    "/usr/lib/gcc/x86_64-redhat-linux/4.1.2/include/<built-in>"
  ],
  [
    "secondary-decl1",
    "/usr/lib/gcc/x86_64-redhat-linux/4.1.2/include/ui.c"
  ],
  [
    "secondary-decl1",
    "/usr/include/bits/stdio.h"
  ],
  [
    "primary",
    "/home/pombredanne/work/trunk/3rdparty/fingerprint/ssdeep/ssdeep-2.0/fuzzy.c"
  ],
  [
    "secondary-decl1",
    "/usr/lib/gcc/x86_64-redhat-linux/4.1.2/include/fuzzy.c"
  ],
  [
    "primary",
    "/home/pombredanne/work/trunk/3rdparty/fingerprint/ssdeep/ssdeep-2.0/edit_dist.c"
  ],
  [
    "secondary-decl1",
    "/usr/lib/gcc/x86_64-redhat-linux/4.1.2/include/edit_dist.c"
  ],
  [
    "primary",
    "/home/pombredanne/work/trunk/3rdparty/fingerprint/ssdeep/ssdeep-2.0/find-file-size.c"
  ],
  [
    "secondary-decl1",
    "/usr/include/sys/types.h"
  ],
  [
    "secondary-decl1",
    "/usr/lib/gcc/x86_64-redhat-linux/4.1.2/include/find-file-size.c"
  ]
]