[
  [
    "primary",
    "/usr/src/debug/ImageMagick-6.7.5-6/filters/analyze.c"
  ],
  [
    "secondary-decl1",
    "/usr/lib/gcc/armv5tel-redhat-linux-gnueabi/4.7.0/include/stddef.h"
  ],
  [
    "secondary-decl1",
    "/usr/include/bits/types.h"
  ],
  [
    "secondary-decl1",
    "/usr/include/libio.h"
  ],
  [
    "secondary-decl1",
    "/usr/include/stdio.h"
  ],
  [
    "secondary-decl1",
    "magick/magick-type.h"
  ],
  [
    "secondary-decl1",
    "magick/exception.h"
  ],
  [
    "secondary-decl1",
    "magick/image.h"
  ],
  [
    "secondary-decl1",
    "magick/geometry.h"
  ],
  [
    "secondary-decl1",
    "magick/colorspace.h"
  ],
  [
    "secondary-decl1",
    "magick/pixel.h"
  ],
  [
    "secondary-decl1",
    "magick/semaphore.h"
  ],
  [
    "secondary-decl1",
    "magick/color.h"
  ],
  [
    "secondary-decl1",
    "magick/cache-view.h"
  ],
  [
    "secondary-decl1",
    "magick/composite.h"
  ],
  [
    "secondary-decl1",
    "magick/compress.h"
  ],
  [
    "secondary-decl1",
    "magick/layer.h"
  ],
  [
    "secondary-decl1",
    "magick/monitor.h"
  ],
  [
    "secondary-decl1",
    "magick/profile.h"
  ],
  [
    "secondary-decl1",
    "magick/quantum.h"
  ],
  [
    "secondary-decl1",
    "magick/resample.h"
  ],
  [
    "secondary-decl1",
    "magick/timer.h"
  ],
  [
    "secondary-decl1",
    "filters/analyze.c"
  ],
  [
    "secondary-decl1",
    "magick/gem.h"
  ],
  [
    "secondary-decl1",
    "magick/locale_.h"
  ],
  [
    "secondary-decl1",
    "magick/property.h"
  ],
  [
    "secondary-decl1",
    "/usr/include/bits/mathcalls.h"
  ],
  [
    "secondary-decl1",
    "magick/list.h"
  ],
  [
    "secondary-decl1",
    "/usr/include/assert.h"
  ]
]