[
  [
    "primary",
    "/usr/src/debug/autotalent-0.2/autotalent.c"
  ],
  [
    "secondary-decl1",
    "/usr/lib/gcc/ppc64-redhat-linux/4.7.0/include/stddef.h"
  ],
  [
    "secondary-decl1",
    "/usr/include/bits/types.h"
  ],
  [
    "secondary-decl1",
    "/usr/include/libio.h"
  ],
  [
    "secondary-decl1",
    "/usr/include/ladspa.h"
  ],
  [
    "secondary-decl1",
    "/usr/include/autotalent.c"
  ],
  [
    "secondary-decl1",
    "/usr/include/bits/string3.h"
  ],
  [
    "secondary-decl1",
    "/usr/include/stdio.h"
  ],
  [
    "secondary-decl1",
    "/usr/include/stdlib.h"
  ],
  [
    "secondary-decl1",
    "/usr/include/mayer_fft.h"
  ],
  [
    "secondary-decl1",
    "/usr/include/bits/math-finite.h"
  ],
  [
    "secondary-decl1",
    "/usr/include/bits/mathcalls.h"
  ],
  [
    "primary",
    "/usr/src/debug/autotalent-0.2/mayer_fft.c"
  ]
]