[
  [
    "primary",
    "/usr/src/debug/labrea-2.5-stable-1/src/labrea.c"
  ],
  [
    "secondary-decl1",
    "/usr/include/bits/types.h"
  ],
  [
    "secondary-decl1",
    "/usr/include/sys/types.h"
  ],
  [
    "secondary-decl1",
    "/usr/include/time.h"
  ],
  [
    "secondary-decl1",
    "/usr/lib/gcc/armv7hl-redhat-linux-gnueabi/4.7.0/include/stddef.h"
  ],
  [
    "secondary-decl1",
    "/usr/include/bits/sigset.h"
  ],
  [
    "secondary-decl1",
    "/usr/include/bits/time.h"
  ],
  [
    "secondary-decl1",
    "../inc/labrea.h"
  ],
  [
    "secondary-decl1",
    "/usr/include/signal.h"
  ],
  [
    "secondary-decl1",
    "/usr/include/stdint.h"
  ],
  [
    "secondary-decl1",
    "/usr/include/dnet/eth.h"
  ],
  [
    "secondary-decl1",
    "/usr/include/dnet/ip.h"
  ],
  [
    "secondary-decl1",
    "/usr/include/dnet/ip6.h"
  ],
  [
    "secondary-decl1",
    "/usr/include/dnet/addr.h"
  ],
  [
    "secondary-decl1",
    "/usr/include/dnet/intf.h"
  ],
  [
    "secondary-decl1",
    "/usr/include/dnet/rand.h"
  ],
  [
    "secondary-decl1",
    "../inc/ctl.h"
  ],
  [
    "secondary-decl1",
    "../inc/utils.h"
  ],
  [
    "secondary-decl1",
    "/usr/include/pcap/bpf.h"
  ],
  [
    "secondary-decl1",
    "/usr/include/libio.h"
  ],
  [
    "secondary-decl1",
    "/usr/include/pcap/pcap.h"
  ],
  [
    "secondary-decl1",
    "../inc/lbio.h"
  ],
  [
    "secondary-decl1",
    "/usr/include/pcap/labrea.c"
  ],
  [
    "secondary-decl1",
    "/usr/include/stdio.h"
  ],
  [
    "primary",
    "/usr/src/debug/labrea-2.5-stable-1/src/labrea_init.c"
  ],
  [
    "secondary-decl1",
    "../inc/getopt.h"
  ],
  [
    "secondary-decl1",
    "../labrea_init.c"
  ],
  [
    "secondary-decl1",
    "/usr/include/bits/string3.h"
  ],
  [
    "secondary-decl1",
    "/usr/include/bits/stdio2.h"
  ],
  [
    "secondary-decl1",
    "../config.h"
  ],
  [
    "secondary-decl1",
    "/usr/include/stdlib.h"
  ],
  [
    "secondary-decl1",
    "../inc/err.h"
  ],
  [
    "secondary-decl1",
    "/usr/include/string.h"
  ],
  [
    "primary",
    "/usr/src/debug/labrea-2.5-stable-1/src/pkt_handler.c"
  ],
  [
    "secondary-decl1",
    "/usr/include/netinet/in.h"
  ],
  [
    "secondary-decl1",
    "/usr/include/dnet/arp.h"
  ],
  [
    "secondary-decl1",
    "/usr/include/dnet/icmp.h"
  ],
  [
    "secondary-decl1",
    "/usr/include/dnet/tcp.h"
  ],
  [
    "secondary-decl1",
    "/usr/include/dnet/udp.h"
  ],
  [
    "secondary-decl1",
    "../inc/pkt.h"
  ],
  [
    "secondary-decl1",
    "/usr/include/netinet/pkt_handler.c"
  ],
  [
    "secondary-decl1",
    "/usr/include/netinet/<built-in>"
  ],
  [
    "primary",
    "/usr/src/debug/labrea-2.5-stable-1/src/lbio.c"
  ],
  [
    "secondary-decl1",
    "../lbio.c"
  ],
  [
    "secondary-decl1",
    "../<built-in>"
  ],
  [
    "secondary-decl1",
    "/usr/include/assert.h"
  ],
  [
    "secondary-decl1",
    "../inc/pcaputil.h"
  ],
  [
    "secondary-decl1",
    "../inc/bget.h"
  ],
  [
    "primary",
    "/usr/src/debug/labrea-2.5-stable-1/src/ctl.c"
  ],
  [
    "secondary-decl1",
    "/usr/include/netdb.h"
  ],
  [
    "secondary-decl1",
    "/usr/include/dnet/ctl.c"
  ],
  [
    "secondary-decl1",
    "/usr/include/dnet/<built-in>"
  ],
  [
    "secondary-decl1",
    "/usr/include/ctype.h"
  ],
  [
    "primary",
    "/usr/src/debug/labrea-2.5-stable-1/src/utils.c"
  ],
  [
    "secondary-decl1",
    "/usr/include/sys/select.h"
  ],
  [
    "secondary-decl1",
    "/usr/lib/gcc/armv7hl-redhat-linux-gnueabi/4.7.0/include/stdarg.h"
  ],
  [
    "secondary-decl1",
    "/usr/include/bits/syslog.h"
  ],
  [
    "secondary-decl1",
    "/usr/include/bits/fcntl2.h"
  ],
  [
    "secondary-decl1",
    "../utils.c"
  ],
  [
    "secondary-decl1",
    "/usr/include/sys/syslog.h"
  ],
  [
    "secondary-decl1",
    "/usr/include/unistd.h"
  ],
  [
    "primary",
    "/usr/src/debug/labrea-2.5-stable-1/src/pcaputil.c"
  ],
  [
    "secondary-decl1",
    "/usr/include/pcap/<built-in>"
  ],
  [
    "secondary-decl1",
    "/usr/include/pcap/pcaputil.c"
  ],
  [
    "primary",
    "/usr/src/debug/labrea-2.5-stable-1/src/bget.c"
  ],
  [
    "secondary-decl1",
    "../inc/bget.c"
  ],
  [
    "primary",
    "/usr/src/debug/labrea-2.5-stable-1/src/pkt.c"
  ],
  [
    "secondary-decl1",
    "../inc/pkt.c"
  ],
  [
    "primary",
    "/usr/src/debug/labrea-2.5-stable-1/src/strlcpy.c"
  ],
  [
    "secondary-decl1",
    "/usr/lib/gcc/armv7hl-redhat-linux-gnueabi/4.7.0/include/strlcpy.c"
  ]
]