[
  "/usr/src/debug/OOoLatexEmf_noarch_src/latex2emf.cpp"
]