[
  [
    "primary",
    "/tmp/buildd/gnutls26-2.12.20/lib/gnutls_record.c"
  ],
  [
    "secondary-decl1",
    "/usr/lib/gcc/m68k-linux-gnu/4.6/include/stddef.h"
  ],
  [
    "secondary-decl1",
    "/usr/include/m68k-linux-gnu/bits/types.h"
  ],
  [
    "secondary-decl1",
    "/usr/include/m68k-linux-gnu/sys/types.h"
  ],
  [
    "secondary-decl1",
    "/usr/include/time.h"
  ],
  [
    "secondary-decl1",
    "/usr/include/libio.h"
  ],
  [
    "secondary-decl1",
    "/usr/include/stdint.h"
  ],
  [
    "secondary-decl1",
    "./gnutls_int.h"
  ],
  [
    "secondary-decl1",
    "./includes/gnutls/gnutls.h"
  ],
  [
    "secondary-decl1",
    "./x509/x509_int.h"
  ],
  [
    "secondary-decl1",
    "./includes/gnutls/compat.h"
  ],
  [
    "secondary-decl1",
    "./includes/gnutls/crypto.h"
  ],
  [
    "secondary-decl1",
    "./gnutls_str.h"
  ],
  [
    "secondary-decl1",
    "./gnutls_hash_int.h"
  ],
  [
    "secondary-decl1",
    "./gnutls_cipher_int.h"
  ],
  [
    "secondary-decl1",
    "./gnutls_compress.h"
  ],
  [
    "secondary-decl1",
    "./includes/gnutls/openpgp.h"
  ],
  [
    "secondary-decl1",
    "/usr/include/libtasn1.h"
  ],
  [
    "secondary-decl1",
    "./gnutls_cert.h"
  ],
  [
    "secondary-decl1",
    "./gnutls_auth.h"
  ],
  [
    "secondary-decl1",
    "./gnutls_mbuffers.h"
  ],
  [
    "secondary-decl1",
    "./gnutls_record.c"
  ],
  [
    "secondary-decl1",
    "./gnutls_errors.h"
  ],
  [
    "secondary-decl1",
    "/usr/include/m68k-linux-gnu/bits/string3.h"
  ],
  [
    "secondary-decl1",
    "/usr/include/stdio.h"
  ],
  [
    "secondary-decl1",
    "./gnutls_pk.h"
  ],
  [
    "secondary-decl1",
    "./gnutls_global.h"
  ],
  [
    "primary",
    "/tmp/buildd/gnutls26-2.12.20/lib/gnutls_compress.c"
  ],
  [
    "secondary-decl1",
    "/usr/include/zconf.h"
  ],
  [
    "secondary-decl1",
    "/usr/include/zlib.h"
  ],
  [
    "secondary-decl1",
    "./gnutls_compress.c"
  ],
  [
    "primary",
    "/tmp/buildd/gnutls26-2.12.20/lib/debug.c"
  ],
  [
    "secondary-decl1",
    "./debug.c"
  ],
  [
    "secondary-decl1",
    "./gnutls_mpi.h"
  ],
  [
    "primary",
    "/tmp/buildd/gnutls26-2.12.20/lib/gnutls_cipher.c"
  ],
  [
    "secondary-decl1",
    "./gnutls_cipher.c"
  ],
  [
    "primary",
    "/tmp/buildd/gnutls26-2.12.20/lib/gnutls_mbuffers.c"
  ],
  [
    "secondary-decl1",
    "./gnutls_mbuffers.c"
  ],
  [
    "primary",
    "/tmp/buildd/gnutls26-2.12.20/lib/gnutls_buffers.c"
  ],
  [
    "secondary-decl1",
    "./x509/gnutls_buffers.c"
  ],
  [
    "primary",
    "/tmp/buildd/gnutls26-2.12.20/lib/gnutls_handshake.c"
  ],
  [
    "secondary-decl1",
    "./opencdk/gnutls_int.h"
  ],
  [
    "secondary-decl1",
    "./opencdk/auth_cert.h"
  ],
  [
    "secondary-decl1",
    "./auth_anon.h"
  ],
  [
    "secondary-decl1",
    "openpgp/openpgp_int.h"
  ],
  [
    "secondary-decl1",
    "./auth_psk.h"
  ],
  [
    "secondary-decl1",
    "./includes/gnutls/abstract.h"
  ],
  [
    "secondary-decl1",
    "./opencdk/gnutls_auth.h"
  ],
  [
    "secondary-decl1",
    "./opencdk/gnutls_handshake.h"
  ],
  [
    "secondary-decl1",
    "./opencdk/opencdk.h"
  ],
  [
    "secondary-decl1",
    "./opencdk/gnutls_mbuffers.h"
  ],
  [
    "secondary-decl1",
    "./opencdk/gnutls_handshake.c"
  ],
  [
    "secondary-decl1",
    "./system.h"
  ],
  [
    "primary",
    "/tmp/buildd/gnutls26-2.12.20/lib/gnutls_num.c"
  ],
  [
    "secondary-decl1",
    "./includes/gnutls/gnutls_num.c"
  ],
  [
    "primary",
    "/tmp/buildd/gnutls26-2.12.20/lib/gnutls_errors.c"
  ],
  [
    "secondary-decl1",
    "/usr/lib/gcc/m68k-linux-gnu/4.6/include/stdarg.h"
  ],
  [
    "secondary-decl1",
    "/usr/include/m68k-linux-gnu/bits/locale.h"
  ],
  [
    "secondary-decl1",
    "./gnutls_errors.c"
  ],
  [
    "secondary-decl1",
    "/usr/include/m68k-linux-gnu/bits/stdio2.h"
  ],
  [
    "primary",
    "/tmp/buildd/gnutls26-2.12.20/lib/gnutls_algorithms.c"
  ],
  [
    "secondary-decl1",
    "./gnutls_algorithms.h"
  ],
  [
    "secondary-decl1",
    "./gnutls_algorithms.c"
  ],
  [
    "primary",
    "/tmp/buildd/gnutls26-2.12.20/lib/gnutls_dh.c"
  ],
  [
    "secondary-decl1",
    "./x509/gnutls_dh.c"
  ],
  [
    "primary",
    "/tmp/buildd/gnutls26-2.12.20/lib/gnutls_kx.c"
  ],
  [
    "secondary-decl1",
    "./x509/gnutls_int.h"
  ],
  [
    "secondary-decl1",
    "./x509/gnutls_auth.h"
  ],
  [
    "secondary-decl1",
    "./x509/gnutls_handshake.h"
  ],
  [
    "secondary-decl1",
    "../libextra/ext_inner_application.h"
  ],
  [
    "secondary-decl1",
    "./x509/gnutls_kx.c"
  ],
  [
    "primary",
    "/tmp/buildd/gnutls26-2.12.20/lib/gnutls_priority.c"
  ],
  [
    "secondary-decl1",
    "./includes/gnutls/x509.h"
  ],
  [
    "secondary-decl1",
    "./gnutls_priority.c"
  ],
  [
    "primary",
    "/tmp/buildd/gnutls26-2.12.20/lib/gnutls_hash_int.c"
  ],
  [
    "secondary-decl1",
    "./gnutls_hash_int.c"
  ],
  [
    "primary",
    "/tmp/buildd/gnutls26-2.12.20/lib/gnutls_cipher_int.c"
  ],
  [
    "secondary-decl1",
    "./gnutls_cipher_int.c"
  ],
  [
    "primary",
    "/tmp/buildd/gnutls26-2.12.20/lib/gnutls_session.c"
  ],
  [
    "secondary-decl1",
    "./gnutls_session.c"
  ],
  [
    "primary",
    "/tmp/buildd/gnutls26-2.12.20/lib/gnutls_db.c"
  ],
  [
    "secondary-decl1",
    "./gnutls_db.c"
  ],
  [
    "primary",
    "/tmp/buildd/gnutls26-2.12.20/lib/x509_b64.c"
  ],
  [
    "secondary-decl1",
    "./x509_b64.c"
  ],
  [
    "primary",
    "/tmp/buildd/gnutls26-2.12.20/lib/auth_anon.c"
  ],
  [
    "secondary-decl1",
    "./x509/auth_anon.h"
  ],
  [
    "secondary-decl1",
    "./x509/auth_anon.c"
  ],
  [
    "primary",
    "/tmp/buildd/gnutls26-2.12.20/lib/gnutls_extensions.c"
  ],
  [
    "secondary-decl1",
    "./gnutls_extensions.h"
  ],
  [
    "secondary-decl1",
    "./gnutls_extensions.c"
  ],
  [
    "secondary-decl1",
    "./ext_max_record.h"
  ],
  [
    "secondary-decl1",
    "./ext_cert_type.h"
  ],
  [
    "secondary-decl1",
    "./ext_server_name.h"
  ],
  [
    "secondary-decl1",
    "./ext_srp.h"
  ],
  [
    "secondary-decl1",
    "./ext_session_ticket.h"
  ],
  [
    "secondary-decl1",
    "./ext_safe_renegotiation.h"
  ],
  [
    "secondary-decl1",
    "./ext_signature.h"
  ],
  [
    "primary",
    "/tmp/buildd/gnutls26-2.12.20/lib/gnutls_auth.c"
  ],
  [
    "secondary-decl1",
    "./auth_dh_common.h"
  ],
  [
    "secondary-decl1",
    "./auth_cert.h"
  ],
  [
    "secondary-decl1",
    "./gnutls_auth.c"
  ],
  [
    "primary",
    "/tmp/buildd/gnutls26-2.12.20/lib/gnutls_v2_compat.c"
  ],
  [
    "secondary-decl1",
    "./gnutls_v2_compat.c"
  ],
  [
    "primary",
    "/tmp/buildd/gnutls26-2.12.20/lib/gnutls_datum.c"
  ],
  [
    "secondary-decl1",
    "./gnutls_datum.c"
  ],
  [
    "primary",
    "/tmp/buildd/gnutls26-2.12.20/lib/auth_rsa.c"
  ],
  [
    "secondary-decl1",
    "./auth_rsa.c"
  ],
  [
    "primary",
    "/tmp/buildd/gnutls26-2.12.20/lib/gnutls_session_pack.c"
  ],
  [
    "secondary-decl1",
    "./auth_srp.h"
  ],
  [
    "secondary-decl1",
    "./x509/gnutls_session_pack.c"
  ],
  [
    "primary",
    "/tmp/buildd/gnutls26-2.12.20/lib/gnutls_mpi.c"
  ],
  [
    "secondary-decl1",
    "./gnutls_mpi.c"
  ],
  [
    "primary",
    "/tmp/buildd/gnutls26-2.12.20/lib/gnutls_pk.c"
  ],
  [
    "secondary-decl1",
    "./includes/gnutls/gnutls_pk.c"
  ],
  [
    "primary",
    "/tmp/buildd/gnutls26-2.12.20/lib/gnutls_cert.c"
  ],
  [
    "secondary-decl1",
    "./openpgp/openpgp_int.h"
  ],
  [
    "secondary-decl1",
    "./opencdk/gnutls_cert.c"
  ],
  [
    "primary",
    "/tmp/buildd/gnutls26-2.12.20/lib/gnutls_global.c"
  ],
  [
    "secondary-decl1",
    "./gnutls_global.c"
  ],
  [
    "secondary-decl1",
    "./gnutls_mem.h"
  ],
  [
    "primary",
    "/tmp/buildd/gnutls26-2.12.20/lib/gnutls_constate.c"
  ],
  [
    "secondary-decl1",
    "./x509/gnutls_constate.c"
  ],
  [
    "primary",
    "/tmp/buildd/gnutls26-2.12.20/lib/gnutls_anon_cred.c"
  ],
  [
    "secondary-decl1",
    "./gnutls_anon_cred.c"
  ],
  [
    "primary",
    "/tmp/buildd/gnutls26-2.12.20/lib/pkix_asn1_tab.c"
  ],
  [
    "secondary-decl1",
    "/usr/include/pkix_asn1_tab.c"
  ],
  [
    "primary",
    "/tmp/buildd/gnutls26-2.12.20/lib/gnutls_asn1_tab.c"
  ],
  [
    "secondary-decl1",
    "/usr/include/gnutls_asn1_tab.c"
  ],
  [
    "primary",
    "/tmp/buildd/gnutls26-2.12.20/lib/gnutls_mem.c"
  ],
  [
    "secondary-decl1",
    "./gnutls_mem.c"
  ],
  [
    "primary",
    "/tmp/buildd/gnutls26-2.12.20/lib/auth_cert.c"
  ],
  [
    "secondary-decl1",
    "./opencdk/auth_cert.c"
  ],
  [
    "primary",
    "/tmp/buildd/gnutls26-2.12.20/lib/gnutls_ui.c"
  ],
  [
    "secondary-decl1",
    "./opencdk/gnutls_ui.c"
  ],
  [
    "primary",
    "/tmp/buildd/gnutls26-2.12.20/lib/gnutls_sig.c"
  ],
  [
    "secondary-decl1",
    "./x509/gnutls_sig.c"
  ],
  [
    "primary",
    "/tmp/buildd/gnutls26-2.12.20/lib/auth_dhe.c"
  ],
  [
    "secondary-decl1",
    "./opencdk/auth_dhe.c"
  ],
  [
    "primary",
    "/tmp/buildd/gnutls26-2.12.20/lib/gnutls_dh_primes.c"
  ],
  [
    "secondary-decl1",
    "./gnutls_dh_primes.c"
  ],
  [
    "primary",
    "/tmp/buildd/gnutls26-2.12.20/lib/ext_max_record.c"
  ],
  [
    "secondary-decl1",
    "./ext_max_record.c"
  ],
  [
    "primary",
    "/tmp/buildd/gnutls26-2.12.20/lib/gnutls_alert.c"
  ],
  [
    "secondary-decl1",
    "./x509/gnutls_alert.c"
  ],
  [
    "primary",
    "/tmp/buildd/gnutls26-2.12.20/lib/gnutls_str.c"
  ],
  [
    "secondary-decl1",
    "/usr/include/ctype.h"
  ],
  [
    "secondary-decl1",
    "./gnutls_str.c"
  ],
  [
    "primary",
    "/tmp/buildd/gnutls26-2.12.20/lib/gnutls_state.c"
  ],
  [
    "secondary-decl1",
    "./opencdk/gnutls_state.c"
  ],
  [
    "primary",
    "/tmp/buildd/gnutls26-2.12.20/lib/gnutls_x509.c"
  ],
  [
    "secondary-decl1",
    "./includes/gnutls/pkcs11.h"
  ],
  [
    "secondary-decl1",
    "./includes/gnutls/pkcs12.h"
  ],
  [
    "secondary-decl1",
    "./opencdk/gnutls_x509.c"
  ],
  [
    "secondary-decl1",
    "./opencdk/gnutls_errors.h"
  ],
  [
    "primary",
    "/tmp/buildd/gnutls26-2.12.20/lib/ext_cert_type.c"
  ],
  [
    "secondary-decl1",
    "./ext_cert_type.c"
  ],
  [
    "primary",
    "/tmp/buildd/gnutls26-2.12.20/lib/gnutls_rsa_export.c"
  ],
  [
    "secondary-decl1",
    "./gnutls_rsa_export.c"
  ],
  [
    "primary",
    "/tmp/buildd/gnutls26-2.12.20/lib/auth_rsa_export.c"
  ],
  [
    "secondary-decl1",
    "./opencdk/auth_dh_common.h"
  ],
  [
    "secondary-decl1",
    "./opencdk/auth_rsa_export.c"
  ],
  [
    "primary",
    "/tmp/buildd/gnutls26-2.12.20/lib/ext_server_name.c"
  ],
  [
    "secondary-decl1",
    "./ext_server_name.c"
  ],
  [
    "primary",
    "/tmp/buildd/gnutls26-2.12.20/lib/auth_dh_common.c"
  ],
  [
    "secondary-decl1",
    "./auth_dh_common.c"
  ],
  [
    "primary",
    "/tmp/buildd/gnutls26-2.12.20/lib/gnutls_helper.c"
  ],
  [
    "secondary-decl1",
    "./gnutls_helper.c"
  ],
  [
    "primary",
    "/tmp/buildd/gnutls26-2.12.20/lib/gnutls_supplemental.c"
  ],
  [
    "secondary-decl1",
    "./gnutls_supplemental.c"
  ],
  [
    "primary",
    "/tmp/buildd/gnutls26-2.12.20/lib/crypto.c"
  ],
  [
    "secondary-decl1",
    "./crypto.c"
  ],
  [
    "secondary-decl1",
    "./random.h"
  ],
  [
    "primary",
    "/tmp/buildd/gnutls26-2.12.20/lib/random.c"
  ],
  [
    "secondary-decl1",
    "./random.c"
  ],
  [
    "primary",
    "/tmp/buildd/gnutls26-2.12.20/lib/ext_signature.c"
  ],
  [
    "secondary-decl1",
    "./ext_signature.c"
  ],
  [
    "primary",
    "/tmp/buildd/gnutls26-2.12.20/lib/cryptodev.c"
  ],
  [
    "secondary-decl1",
    "./cryptodev.c"
  ],
  [
    "primary",
    "/tmp/buildd/gnutls26-2.12.20/lib/system.c"
  ],
  [
    "secondary-decl1",
    "/usr/include/m68k-linux-gnu/bits/pthreadtypes.h"
  ],
  [
    "secondary-decl1",
    "/usr/include/m68k-linux-gnu/bits/uio.h"
  ],
  [
    "secondary-decl1",
    "/usr/include/m68k-linux-gnu/bits/socket.h"
  ],
  [
    "secondary-decl1",
    "./system.c"
  ],
  [
    "secondary-decl1",
    "/usr/include/m68k-linux-gnu/bits/socket2.h"
  ],
  [
    "primary",
    "/tmp/buildd/gnutls26-2.12.20/lib/crypto-api.c"
  ],
  [
    "secondary-decl1",
    "./crypto-api.c"
  ],
  [
    "primary",
    "/tmp/buildd/gnutls26-2.12.20/lib/ext_safe_renegotiation.c"
  ],
  [
    "secondary-decl1",
    "./x509/ext_safe_renegotiation.c"
  ],
  [
    "primary",
    "/tmp/buildd/gnutls26-2.12.20/lib/gnutls_privkey.c"
  ],
  [
    "secondary-decl1",
    "./opencdk/gnutls_privkey.c"
  ],
  [
    "primary",
    "/tmp/buildd/gnutls26-2.12.20/lib/gnutls_pubkey.c"
  ],
  [
    "secondary-decl1",
    "./pkcs11_int.h"
  ],
  [
    "secondary-decl1",
    "./opencdk/gnutls_pubkey.c"
  ],
  [
    "primary",
    "/tmp/buildd/gnutls26-2.12.20/lib/locks.c"
  ],
  [
    "secondary-decl1",
    "./locks.c"
  ],
  [
    "secondary-decl1",
    "./locks.h"
  ],
  [
    "primary",
    "/tmp/buildd/gnutls26-2.12.20/lib/pkcs11.c"
  ],
  [
    "secondary-decl1",
    "/usr/include/p11-kit-1/p11-kit/pkcs11.h"
  ],
  [
    "secondary-decl1",
    "/usr/include/p11-kit-1/p11-kit/uri.h"
  ],
  [
    "secondary-decl1",
    "/usr/include/p11-kit-1/p11-kit/pkcs11.c"
  ],
  [
    "secondary-decl1",
    "/usr/include/p11-kit-1/p11-kit/pin.h"
  ],
  [
    "primary",
    "/tmp/buildd/gnutls26-2.12.20/lib/pkcs11_privkey.c"
  ],
  [
    "secondary-decl1",
    "./pkcs11_privkey.c"
  ],
  [
    "primary",
    "/tmp/buildd/gnutls26-2.12.20/lib/pkcs11_write.c"
  ],
  [
    "secondary-decl1",
    "/usr/include/p11-kit-1/p11-kit/pkcs11_write.c"
  ],
  [
    "primary",
    "/tmp/buildd/gnutls26-2.12.20/lib/pkcs11_secret.c"
  ],
  [
    "secondary-decl1",
    "/usr/include/p11-kit-1/p11-kit/pkcs11_secret.c"
  ],
  [
    "primary",
    "/tmp/buildd/gnutls26-2.12.20/lib/ext_srp.c"
  ],
  [
    "secondary-decl1",
    "./x509/auth_srp.h"
  ],
  [
    "secondary-decl1",
    "./x509/ext_srp.c"
  ],
  [
    "primary",
    "/tmp/buildd/gnutls26-2.12.20/lib/gnutls_srp.c"
  ],
  [
    "secondary-decl1",
    "./x509/gnutls_srp.c"
  ],
  [
    "primary",
    "/tmp/buildd/gnutls26-2.12.20/lib/auth_srp.c"
  ],
  [
    "secondary-decl1",
    "./x509/auth_srp_passwd.h"
  ],
  [
    "secondary-decl1",
    "./x509/auth_srp.c"
  ],
  [
    "primary",
    "/tmp/buildd/gnutls26-2.12.20/lib/auth_srp_passwd.c"
  ],
  [
    "secondary-decl1",
    "./auth_srp_passwd.h"
  ],
  [
    "secondary-decl1",
    "/usr/include/stdlib.h"
  ],
  [
    "secondary-decl1",
    "./x509/auth_srp_passwd.c"
  ],
  [
    "primary",
    "/tmp/buildd/gnutls26-2.12.20/lib/auth_srp_sb64.c"
  ],
  [
    "secondary-decl1",
    "./auth_srp_sb64.c"
  ],
  [
    "primary",
    "/tmp/buildd/gnutls26-2.12.20/lib/auth_srp_rsa.c"
  ],
  [
    "secondary-decl1",
    "./opencdk/auth_srp_rsa.c"
  ],
  [
    "primary",
    "/tmp/buildd/gnutls26-2.12.20/lib/auth_psk.c"
  ],
  [
    "secondary-decl1",
    "./x509/gnutls_errors.h"
  ],
  [
    "secondary-decl1",
    "./x509/auth_psk.c"
  ],
  [
    "primary",
    "/tmp/buildd/gnutls26-2.12.20/lib/auth_psk_passwd.c"
  ],
  [
    "secondary-decl1",
    "./x509/auth_psk.h"
  ],
  [
    "secondary-decl1",
    "./x509/auth_psk_passwd.c"
  ],
  [
    "primary",
    "/tmp/buildd/gnutls26-2.12.20/lib/gnutls_psk.c"
  ],
  [
    "secondary-decl1",
    "./x509/gnutls_psk.c"
  ],
  [
    "primary",
    "/tmp/buildd/gnutls26-2.12.20/lib/auth_dhe_psk.c"
  ],
  [
    "secondary-decl1",
    "./x509/auth_dhe_psk.c"
  ],
  [
    "primary",
    "/tmp/buildd/gnutls26-2.12.20/lib/gnutls_psk_netconf.c"
  ],
  [
    "secondary-decl1",
    "./gnutls_psk_netconf.c"
  ],
  [
    "primary",
    "/tmp/buildd/gnutls26-2.12.20/lib/ext_session_ticket.c"
  ],
  [
    "secondary-decl1",
    "./gnutls_handshake.h"
  ],
  [
    "secondary-decl1",
    "./x509/ext_session_ticket.c"
  ],
  [
    "primary",
    "/tmp/buildd/gnutls26-2.12.20/lib/gl/c-ctype.c"
  ],
  [
    "primary",
    "/tmp/buildd/gnutls26-2.12.20/lib/gl/fd-hook.c"
  ],
  [
    "primary",
    "/tmp/buildd/gnutls26-2.12.20/lib/gl/read-file.c"
  ],
  [
    "secondary-decl1",
    "/usr/include/m68k-linux-gnu/bits/stat.h"
  ],
  [
    "secondary-decl1",
    "/usr/include/m68k-linux-gnu/sys/stat.h"
  ],
  [
    "secondary-decl1",
    "/usr/include/read-file.c"
  ],
  [
    "primary",
    "/tmp/buildd/gnutls26-2.12.20/lib/gl/sockets.c"
  ],
  [
    "primary",
    "/tmp/buildd/gnutls26-2.12.20/lib/gl/asnprintf.c"
  ],
  [
    "secondary-decl1",
    "/usr/lib/gcc/m68k-linux-gnu/4.6/include/asnprintf.c"
  ],
  [
    "primary",
    "/tmp/buildd/gnutls26-2.12.20/lib/gl/printf-args.c"
  ],
  [
    "secondary-decl1",
    "/usr/lib/gcc/m68k-linux-gnu/4.6/include/printf-args.h"
  ],
  [
    "secondary-decl1",
    "/usr/lib/gcc/m68k-linux-gnu/4.6/include/printf-args.c"
  ],
  [
    "primary",
    "/tmp/buildd/gnutls26-2.12.20/lib/gl/printf-parse.c"
  ],
  [
    "secondary-decl1",
    "/usr/lib/gcc/m68k-linux-gnu/4.6/include/printf-parse.h"
  ],
  [
    "secondary-decl1",
    "/usr/lib/gcc/m68k-linux-gnu/4.6/include/xsize.h"
  ],
  [
    "secondary-decl1",
    "/usr/lib/gcc/m68k-linux-gnu/4.6/include/printf-parse.c"
  ],
  [
    "primary",
    "/tmp/buildd/gnutls26-2.12.20/lib/gl/vasnprintf.c"
  ],
  [
    "secondary-decl1",
    "/usr/include/printf-args.h"
  ],
  [
    "secondary-decl1",
    "/usr/include/printf-parse.h"
  ],
  [
    "secondary-decl1",
    "/usr/include/xsize.h"
  ],
  [
    "secondary-decl1",
    "/usr/include/vasnprintf.c"
  ],
  [
    "primary",
    "/tmp/buildd/gnutls26-2.12.20/lib/x509/common.c"
  ],
  [
    "secondary-decl1",
    "./../includes/gnutls/gnutls.h"
  ],
  [
    "secondary-decl1",
    "../gnutls_int.h"
  ],
  [
    "secondary-decl1",
    "./../includes/gnutls/crypto.h"
  ],
  [
    "secondary-decl1",
    "../common.c"
  ],
  [
    "secondary-decl1",
    "../gnutls_mpi.h"
  ],
  [
    "secondary-decl1",
    "../gnutls_pk.h"
  ],
  [
    "secondary-decl1",
    "../gnutls_global.h"
  ],
  [
    "primary",
    "/tmp/buildd/gnutls26-2.12.20/lib/x509/crl.c"
  ],
  [
    "secondary-decl1",
    "../x509/x509_int.h"
  ],
  [
    "secondary-decl1",
    "../crl.c"
  ],
  [
    "primary",
    "/tmp/buildd/gnutls26-2.12.20/lib/x509/crl_write.c"
  ],
  [
    "secondary-decl1",
    "./../includes/gnutls/abstract.h"
  ],
  [
    "secondary-decl1",
    "../crl_write.c"
  ],
  [
    "primary",
    "/tmp/buildd/gnutls26-2.12.20/lib/x509/crq.c"
  ],
  [
    "secondary-decl1",
    "../gnutls_hash_int.h"
  ],
  [
    "secondary-decl1",
    "../crq.c"
  ],
  [
    "primary",
    "/tmp/buildd/gnutls26-2.12.20/lib/x509/dn.c"
  ],
  [
    "secondary-decl1",
    "../gnutls_str.h"
  ],
  [
    "secondary-decl1",
    "./../includes/gnutls/x509.h"
  ],
  [
    "secondary-decl1",
    "../dn.c"
  ],
  [
    "primary",
    "/tmp/buildd/gnutls26-2.12.20/lib/x509/extensions.c"
  ],
  [
    "secondary-decl1",
    "../extensions.c"
  ],
  [
    "primary",
    "/tmp/buildd/gnutls26-2.12.20/lib/x509/mpi.c"
  ],
  [
    "secondary-decl1",
    "../mpi.c"
  ],
  [
    "primary",
    "/tmp/buildd/gnutls26-2.12.20/lib/x509/output.c"
  ],
  [
    "secondary-decl1",
    "../output.c"
  ],
  [
    "primary",
    "/tmp/buildd/gnutls26-2.12.20/lib/x509/pbkdf2-sha1.c"
  ],
  [
    "secondary-decl1",
    "../pbkdf2-sha1.c"
  ],
  [
    "primary",
    "/tmp/buildd/gnutls26-2.12.20/lib/x509/pkcs12.c"
  ],
  [
    "secondary-decl1",
    "./../includes/gnutls/pkcs12.h"
  ],
  [
    "secondary-decl1",
    "../x509/pkcs12.c"
  ],
  [
    "primary",
    "/tmp/buildd/gnutls26-2.12.20/lib/x509/pkcs12_bag.c"
  ],
  [
    "secondary-decl1",
    "../pkcs12_bag.c"
  ],
  [
    "primary",
    "/tmp/buildd/gnutls26-2.12.20/lib/x509/pkcs12_encr.c"
  ],
  [
    "secondary-decl1",
    "../pkcs12_encr.c"
  ],
  [
    "primary",
    "/tmp/buildd/gnutls26-2.12.20/lib/x509/pkcs7.c"
  ],
  [
    "secondary-decl1",
    "../pkcs7.c"
  ],
  [
    "primary",
    "/tmp/buildd/gnutls26-2.12.20/lib/x509/privkey.c"
  ],
  [
    "secondary-decl1",
    "../x509/privkey.c"
  ],
  [
    "primary",
    "/tmp/buildd/gnutls26-2.12.20/lib/x509/privkey_pkcs8.c"
  ],
  [
    "secondary-decl1",
    "../gnutls_cipher_int.h"
  ],
  [
    "secondary-decl1",
    "../privkey_pkcs8.c"
  ],
  [
    "primary",
    "/tmp/buildd/gnutls26-2.12.20/lib/x509/rfc2818_hostname.c"
  ],
  [
    "secondary-decl1",
    "../rfc2818_hostname.c"
  ],
  [
    "primary",
    "/tmp/buildd/gnutls26-2.12.20/lib/x509/sign.c"
  ],
  [
    "secondary-decl1",
    "../sign.c"
  ],
  [
    "primary",
    "/tmp/buildd/gnutls26-2.12.20/lib/x509/verify.c"
  ],
  [
    "secondary-decl1",
    "../verify.c"
  ],
  [
    "secondary-decl1",
    "../system.h"
  ],
  [
    "primary",
    "/tmp/buildd/gnutls26-2.12.20/lib/x509/x509.c"
  ],
  [
    "secondary-decl1",
    "../x509/x509.c"
  ],
  [
    "secondary-decl1",
    "../gnutls_errors.h"
  ],
  [
    "primary",
    "/tmp/buildd/gnutls26-2.12.20/lib/x509/x509_write.c"
  ],
  [
    "secondary-decl1",
    "../x509/x509_write.c"
  ],
  [
    "primary",
    "/tmp/buildd/gnutls26-2.12.20/lib/openpgp/pgp.c"
  ],
  [
    "secondary-decl1",
    "./openpgp_int.h"
  ],
  [
    "secondary-decl1",
    "./../includes/gnutls/openpgp.h"
  ],
  [
    "secondary-decl1",
    "./../opencdk/opencdk.h"
  ],
  [
    "secondary-decl1",
    "./../opencdk/pgp.c"
  ],
  [
    "primary",
    "/tmp/buildd/gnutls26-2.12.20/lib/openpgp/pgpverify.c"
  ],
  [
    "secondary-decl1",
    "../pgpverify.c"
  ],
  [
    "primary",
    "/tmp/buildd/gnutls26-2.12.20/lib/openpgp/extras.c"
  ],
  [
    "secondary-decl1",
    "./../opencdk/extras.c"
  ],
  [
    "primary",
    "/tmp/buildd/gnutls26-2.12.20/lib/openpgp/compat.c"
  ],
  [
    "secondary-decl1",
    "../auth_cert.h"
  ],
  [
    "secondary-decl1",
    "../openpgp/openpgp_int.h"
  ],
  [
    "secondary-decl1",
    "./../includes/gnutls/compat.h"
  ],
  [
    "secondary-decl1",
    "../gnutls_compress.h"
  ],
  [
    "secondary-decl1",
    "../gnutls_cert.h"
  ],
  [
    "secondary-decl1",
    "../gnutls_auth.h"
  ],
  [
    "secondary-decl1",
    "./../opencdk/compat.c"
  ],
  [
    "primary",
    "/tmp/buildd/gnutls26-2.12.20/lib/openpgp/privkey.c"
  ],
  [
    "secondary-decl1",
    "./../opencdk/privkey.c"
  ],
  [
    "primary",
    "/tmp/buildd/gnutls26-2.12.20/lib/openpgp/output.c"
  ],
  [
    "primary",
    "/tmp/buildd/gnutls26-2.12.20/lib/openpgp/gnutls_openpgp.c"
  ],
  [
    "secondary-decl1",
    "./../opencdk/gnutls_openpgp.h"
  ],
  [
    "secondary-decl1",
    "./../opencdk/gnutls_openpgp.c"
  ],
  [
    "primary",
    "/tmp/buildd/gnutls26-2.12.20/lib/opencdk/armor.c"
  ],
  [
    "secondary-decl1",
    "../opencdk.h"
  ],
  [
    "secondary-decl1",
    "../context.h"
  ],
  [
    "secondary-decl1",
    "../types.h"
  ],
  [
    "secondary-decl1",
    "../filters.h"
  ],
  [
    "secondary-decl1",
    "../armor.c"
  ],
  [
    "secondary-decl1",
    "./../gl/stdio.h"
  ],
  [
    "primary",
    "/tmp/buildd/gnutls26-2.12.20/lib/opencdk/main.c"
  ],
  [
    "secondary-decl1",
    "../main.c"
  ],
  [
    "primary",
    "/tmp/buildd/gnutls26-2.12.20/lib/opencdk/kbnode.c"
  ],
  [
    "secondary-decl1",
    "../packet.h"
  ],
  [
    "secondary-decl1",
    "../kbnode.c"
  ],
  [
    "primary",
    "/tmp/buildd/gnutls26-2.12.20/lib/opencdk/sig-check.c"
  ],
  [
    "secondary-decl1",
    "../sig-check.c"
  ],
  [
    "primary",
    "/tmp/buildd/gnutls26-2.12.20/lib/opencdk/hash.c"
  ],
  [
    "secondary-decl1",
    "../hash.c"
  ],
  [
    "primary",
    "/tmp/buildd/gnutls26-2.12.20/lib/opencdk/keydb.c"
  ],
  [
    "secondary-decl1",
    "../stream.h"
  ],
  [
    "secondary-decl1",
    "../keydb.h"
  ],
  [
    "secondary-decl1",
    "../keydb.c"
  ],
  [
    "primary",
    "/tmp/buildd/gnutls26-2.12.20/lib/opencdk/pubkey.c"
  ],
  [
    "secondary-decl1",
    "../pubkey.c"
  ],
  [
    "primary",
    "/tmp/buildd/gnutls26-2.12.20/lib/opencdk/stream.c"
  ],
  [
    "secondary-decl1",
    "../stream.c"
  ],
  [
    "primary",
    "/tmp/buildd/gnutls26-2.12.20/lib/opencdk/write-packet.c"
  ],
  [
    "secondary-decl1",
    "../write-packet.c"
  ],
  [
    "primary",
    "/tmp/buildd/gnutls26-2.12.20/lib/opencdk/misc.c"
  ],
  [
    "secondary-decl1",
    "../misc.c"
  ],
  [
    "primary",
    "/tmp/buildd/gnutls26-2.12.20/lib/opencdk/seskey.c"
  ],
  [
    "secondary-decl1",
    "../seskey.c"
  ],
  [
    "primary",
    "/tmp/buildd/gnutls26-2.12.20/lib/opencdk/literal.c"
  ],
  [
    "secondary-decl1",
    "../literal.c"
  ],
  [
    "primary",
    "/tmp/buildd/gnutls26-2.12.20/lib/opencdk/new-packet.c"
  ],
  [
    "secondary-decl1",
    "../new-packet.c"
  ],
  [
    "primary",
    "/tmp/buildd/gnutls26-2.12.20/lib/opencdk/read-packet.c"
  ],
  [
    "secondary-decl1",
    "../read-packet.c"
  ],
  [
    "primary",
    "/tmp/buildd/gnutls26-2.12.20/lib/gcrypt/pk.c"
  ],
  [
    "secondary-decl1",
    "/usr/include/gcrypt.h"
  ],
  [
    "secondary-decl1",
    "../pk.c"
  ],
  [
    "primary",
    "/tmp/buildd/gnutls26-2.12.20/lib/gcrypt/mpi.c"
  ],
  [
    "secondary-decl1",
    "/usr/include/gpg-error.h"
  ],
  [
    "primary",
    "/tmp/buildd/gnutls26-2.12.20/lib/gcrypt/mac.c"
  ],
  [
    "secondary-decl1",
    "../mac.c"
  ],
  [
    "primary",
    "/tmp/buildd/gnutls26-2.12.20/lib/gcrypt/cipher.c"
  ],
  [
    "secondary-decl1",
    "../cipher.c"
  ],
  [
    "primary",
    "/tmp/buildd/gnutls26-2.12.20/lib/gcrypt/rnd.c"
  ],
  [
    "secondary-decl1",
    "../rnd.c"
  ],
  [
    "primary",
    "/tmp/buildd/gnutls26-2.12.20/lib/gcrypt/init.c"
  ],
  [
    "secondary-decl1",
    "/usr/include/m68k-linux-gnu/bits/time.h"
  ],
  [
    "secondary-decl1",
    "/usr/include/m68k-linux-gnu/sys/select.h"
  ],
  [
    "secondary-decl1",
    "/usr/include/unistd.h"
  ],
  [
    "secondary-decl1",
    "/usr/include/m68k-linux-gnu/bits/sockaddr.h"
  ],
  [
    "secondary-decl1",
    "../init.c"
  ],
  [
    "secondary-decl1",
    "../locks.h"
  ],
  [
    "primary",
    "/tmp/buildd/eglibc-2.13/nptl/pthread_atfork.c"
  ]
]