[
  [
    "primary",
    "/tmp/buildd/gnutls26-2.12.20/libextra/gnutls_extra.c"
  ],
  [
    "secondary-decl1",
    "/usr/lib/gcc/m68k-linux-gnu/4.6/include/stddef.h"
  ],
  [
    "secondary-decl1",
    "/usr/include/m68k-linux-gnu/bits/types.h"
  ],
  [
    "secondary-decl1",
    "/usr/include/m68k-linux-gnu/sys/types.h"
  ],
  [
    "secondary-decl1",
    "/usr/include/time.h"
  ],
  [
    "secondary-decl1",
    "/usr/include/stdio.h"
  ],
  [
    "secondary-decl1",
    "/usr/include/libio.h"
  ],
  [
    "secondary-decl1",
    "/usr/include/stdint.h"
  ],
  [
    "secondary-decl1",
    "./../lib/gnutls_int.h"
  ],
  [
    "secondary-decl1",
    "./../lib/includes/gnutls/gnutls.h"
  ],
  [
    "secondary-decl1",
    "./../lib/x509/x509_int.h"
  ],
  [
    "secondary-decl1",
    "./../lib/includes/gnutls/compat.h"
  ],
  [
    "secondary-decl1",
    "./../lib/includes/gnutls/crypto.h"
  ],
  [
    "secondary-decl1",
    "./../lib/gnutls_str.h"
  ],
  [
    "secondary-decl1",
    "./../lib/gnutls_hash_int.h"
  ],
  [
    "secondary-decl1",
    "./../lib/gnutls_cipher_int.h"
  ],
  [
    "secondary-decl1",
    "./../lib/gnutls_compress.h"
  ],
  [
    "secondary-decl1",
    "./../lib/includes/gnutls/openpgp.h"
  ],
  [
    "secondary-decl1",
    "/usr/include/libtasn1.h"
  ],
  [
    "secondary-decl1",
    "./../lib/gnutls_cert.h"
  ],
  [
    "secondary-decl1",
    "./../lib/gnutls_auth.h"
  ],
  [
    "secondary-decl1",
    "./../lib/gnutls_extensions.h"
  ],
  [
    "secondary-decl1",
    "/usr/include/gcrypt.h"
  ],
  [
    "secondary-decl1",
    "/usr/include/m68k-linux-gnu/bits/stdio2.h"
  ],
  [
    "secondary-decl1",
    "./gnutls_extra.c"
  ],
  [
    "secondary-decl1",
    "./../lib/gnutls_pk.h"
  ],
  [
    "secondary-decl1",
    "./../lib/gnutls_global.h"
  ],
  [
    "secondary-decl1",
    "./ext_inner_application.h"
  ],
  [
    "primary",
    "/tmp/buildd/gnutls26-2.12.20/libextra/fipsmd5.c"
  ],
  [
    "secondary-decl1",
    "./../lib/fipsmd5.c"
  ],
  [
    "secondary-decl1",
    "/usr/include/m68k-linux-gnu/bits/string3.h"
  ],
  [
    "primary",
    "/tmp/buildd/gnutls26-2.12.20/libextra/ext_inner_application.c"
  ],
  [
    "secondary-decl1",
    "./includes/gnutls/ext_inner_application.h"
  ],
  [
    "secondary-decl1",
    "./includes/gnutls/extra.h"
  ],
  [
    "secondary-decl1",
    "./includes/gnutls/ext_inner_application.c"
  ],
  [
    "primary",
    "/tmp/buildd/gnutls26-2.12.20/libextra/gnutls_ia.c"
  ],
  [
    "secondary-decl1",
    "./gnutls_ia.c"
  ],
  [
    "primary",
    "/tmp/buildd/gnutls26-2.12.20/lib/gl/c-ctype.c"
  ],
  [
    "primary",
    "/tmp/buildd/gnutls26-2.12.20/lib/gl/fd-hook.c"
  ],
  [
    "primary",
    "/tmp/buildd/gnutls26-2.12.20/lib/gl/read-file.c"
  ],
  [
    "secondary-decl1",
    "/usr/include/m68k-linux-gnu/bits/stat.h"
  ],
  [
    "secondary-decl1",
    "/usr/include/m68k-linux-gnu/sys/stat.h"
  ],
  [
    "secondary-decl1",
    "/usr/include/read-file.c"
  ],
  [
    "primary",
    "/tmp/buildd/gnutls26-2.12.20/lib/gl/sockets.c"
  ],
  [
    "primary",
    "/tmp/buildd/gnutls26-2.12.20/lib/gl/asnprintf.c"
  ],
  [
    "secondary-decl1",
    "/usr/lib/gcc/m68k-linux-gnu/4.6/include/stdarg.h"
  ],
  [
    "secondary-decl1",
    "/usr/lib/gcc/m68k-linux-gnu/4.6/include/asnprintf.c"
  ],
  [
    "primary",
    "/tmp/buildd/gnutls26-2.12.20/lib/gl/printf-args.c"
  ],
  [
    "secondary-decl1",
    "/usr/lib/gcc/m68k-linux-gnu/4.6/include/printf-args.h"
  ],
  [
    "secondary-decl1",
    "/usr/lib/gcc/m68k-linux-gnu/4.6/include/printf-args.c"
  ],
  [
    "primary",
    "/tmp/buildd/gnutls26-2.12.20/lib/gl/printf-parse.c"
  ],
  [
    "secondary-decl1",
    "/usr/lib/gcc/m68k-linux-gnu/4.6/include/printf-parse.h"
  ],
  [
    "secondary-decl1",
    "/usr/lib/gcc/m68k-linux-gnu/4.6/include/xsize.h"
  ],
  [
    "secondary-decl1",
    "/usr/lib/gcc/m68k-linux-gnu/4.6/include/printf-parse.c"
  ],
  [
    "primary",
    "/tmp/buildd/gnutls26-2.12.20/lib/gl/vasnprintf.c"
  ],
  [
    "secondary-decl1",
    "/usr/include/printf-args.h"
  ],
  [
    "secondary-decl1",
    "/usr/include/printf-parse.h"
  ],
  [
    "secondary-decl1",
    "/usr/include/xsize.h"
  ],
  [
    "secondary-decl1",
    "/usr/include/vasnprintf.c"
  ],
  [
    "primary",
    "/tmp/buildd/gnutls26-2.12.20/libextra/gl/hmac-md5.c"
  ],
  [
    "secondary-decl1",
    "/usr/include/md5.h"
  ],
  [
    "secondary-decl1",
    "/usr/include/hmac-md5.c"
  ],
  [
    "primary",
    "/tmp/buildd/gnutls26-2.12.20/libextra/gl/md5.c"
  ],
  [
    "secondary-decl1",
    "/usr/include/md5.c"
  ],
  [
    "primary",
    "/tmp/buildd/gnutls26-2.12.20/libextra/gl/memxor.c"
  ],
  [
    "secondary-decl1",
    "/usr/lib/gcc/m68k-linux-gnu/4.6/include/memxor.c"
  ]
]